motion_fx_manager.c:61:6:MotionFX_manager_init	8	static
motion_fx_manager.c:96:6:MotionFX_manager_run	24	static
motion_fx_manager.c:114:6:MotionFX_manager_start_6X	8	static
motion_fx_manager.c:124:6:MotionFX_manager_stop_6X	8	static
motion_fx_manager.c:134:6:MotionFX_manager_start_9X	8	static
motion_fx_manager.c:144:6:MotionFX_manager_stop_9X	8	static
motion_fx_manager.c:155:6:MotionFX_manager_get_version	8	static
motion_fx_manager.c:165:6:MotionFX_manager_MagCal_run	8	static
motion_fx_manager.c:176:6:MotionFX_manager_MagCal_start	8	static
motion_fx_manager.c:186:6:MotionFX_manager_MagCal_stop	8	static
motion_fx_manager.c:197:6:MotionFX_LoadMagCalFromNVM	0	static
motion_fx_manager.c:208:6:MotionFX_SaveMagCalInNVM	0	static
