Archive member included to satisfy reference by file (symbol)

C:\Users\Szczena\Desktop\PROJECTS\Embedded\EmbeddedSystemsProject\IMU_Visualization_Microcontroller\Middlewares\ST\STM32_MotionFX_Library\Lib\libMotionFX_CM4F_wc32_ot.a(motion_fx.o)
                              MEMS/Target/motion_fx_manager.o (MotionFX_initialize)
d:/program files (x86)/stmicroelectronics/stm32cubeide/stm32cubeide_1.3.0/stm32cubeide/plugins/com.st.stm32cube.ide.mcu.externaltools.gnu-tools-for-stm32.7-2018-q2-update.win32_1.5.0.202011040924/tools/bin/../lib/gcc/arm-none-eabi/7.3.1/../../../../arm-none-eabi/lib/thumb/v7e-m/fpv4-sp/softfp\libc_nano.a(lib_a-errno.o)
                              Core/Src/syscalls.o (__errno)
d:/program files (x86)/stmicroelectronics/stm32cubeide/stm32cubeide_1.3.0/stm32cubeide/plugins/com.st.stm32cube.ide.mcu.externaltools.gnu-tools-for-stm32.7-2018-q2-update.win32_1.5.0.202011040924/tools/bin/../lib/gcc/arm-none-eabi/7.3.1/../../../../arm-none-eabi/lib/thumb/v7e-m/fpv4-sp/softfp\libc_nano.a(lib_a-exit.o)
                              d:/program files (x86)/stmicroelectronics/stm32cubeide/stm32cubeide_1.3.0/stm32cubeide/plugins/com.st.stm32cube.ide.mcu.externaltools.gnu-tools-for-stm32.7-2018-q2-update.win32_1.5.0.202011040924/tools/bin/../lib/gcc/arm-none-eabi/7.3.1/../../../../arm-none-eabi/lib/thumb/v7e-m/fpv4-sp/softfp/crt0.o (exit)
d:/program files (x86)/stmicroelectronics/stm32cubeide/stm32cubeide_1.3.0/stm32cubeide/plugins/com.st.stm32cube.ide.mcu.externaltools.gnu-tools-for-stm32.7-2018-q2-update.win32_1.5.0.202011040924/tools/bin/../lib/gcc/arm-none-eabi/7.3.1/../../../../arm-none-eabi/lib/thumb/v7e-m/fpv4-sp/softfp\libc_nano.a(lib_a-impure.o)
                              d:/program files (x86)/stmicroelectronics/stm32cubeide/stm32cubeide_1.3.0/stm32cubeide/plugins/com.st.stm32cube.ide.mcu.externaltools.gnu-tools-for-stm32.7-2018-q2-update.win32_1.5.0.202011040924/tools/bin/../lib/gcc/arm-none-eabi/7.3.1/../../../../arm-none-eabi/lib/thumb/v7e-m/fpv4-sp/softfp\libc_nano.a(lib_a-exit.o) (_global_impure_ptr)
d:/program files (x86)/stmicroelectronics/stm32cubeide/stm32cubeide_1.3.0/stm32cubeide/plugins/com.st.stm32cube.ide.mcu.externaltools.gnu-tools-for-stm32.7-2018-q2-update.win32_1.5.0.202011040924/tools/bin/../lib/gcc/arm-none-eabi/7.3.1/../../../../arm-none-eabi/lib/thumb/v7e-m/fpv4-sp/softfp\libc_nano.a(lib_a-init.o)
                              d:/program files (x86)/stmicroelectronics/stm32cubeide/stm32cubeide_1.3.0/stm32cubeide/plugins/com.st.stm32cube.ide.mcu.externaltools.gnu-tools-for-stm32.7-2018-q2-update.win32_1.5.0.202011040924/tools/bin/../lib/gcc/arm-none-eabi/7.3.1/../../../../arm-none-eabi/lib/thumb/v7e-m/fpv4-sp/softfp/crt0.o (__libc_init_array)
d:/program files (x86)/stmicroelectronics/stm32cubeide/stm32cubeide_1.3.0/stm32cubeide/plugins/com.st.stm32cube.ide.mcu.externaltools.gnu-tools-for-stm32.7-2018-q2-update.win32_1.5.0.202011040924/tools/bin/../lib/gcc/arm-none-eabi/7.3.1/../../../../arm-none-eabi/lib/thumb/v7e-m/fpv4-sp/softfp\libc_nano.a(lib_a-memcpy-stub.o)
                              C:\Users\Szczena\Desktop\PROJECTS\Embedded\EmbeddedSystemsProject\IMU_Visualization_Microcontroller\Middlewares\ST\STM32_MotionFX_Library\Lib\libMotionFX_CM4F_wc32_ot.a(motion_fx.o) (memcpy)
d:/program files (x86)/stmicroelectronics/stm32cubeide/stm32cubeide_1.3.0/stm32cubeide/plugins/com.st.stm32cube.ide.mcu.externaltools.gnu-tools-for-stm32.7-2018-q2-update.win32_1.5.0.202011040924/tools/bin/../lib/gcc/arm-none-eabi/7.3.1/../../../../arm-none-eabi/lib/thumb/v7e-m/fpv4-sp/softfp\libc_nano.a(lib_a-memset.o)
                              d:/program files (x86)/stmicroelectronics/stm32cubeide/stm32cubeide_1.3.0/stm32cubeide/plugins/com.st.stm32cube.ide.mcu.externaltools.gnu-tools-for-stm32.7-2018-q2-update.win32_1.5.0.202011040924/tools/bin/../lib/gcc/arm-none-eabi/7.3.1/../../../../arm-none-eabi/lib/thumb/v7e-m/fpv4-sp/softfp/crt0.o (memset)
d:/program files (x86)/stmicroelectronics/stm32cubeide/stm32cubeide_1.3.0/stm32cubeide/plugins/com.st.stm32cube.ide.mcu.externaltools.gnu-tools-for-stm32.7-2018-q2-update.win32_1.5.0.202011040924/tools/bin/../lib/gcc/arm-none-eabi/7.3.1/../../../../arm-none-eabi/lib/thumb/v7e-m/fpv4-sp/softfp\libc_nano.a(lib_a-snprintf.o)
                              MEMS/Target/demo_serial.o (snprintf)
d:/program files (x86)/stmicroelectronics/stm32cubeide/stm32cubeide_1.3.0/stm32cubeide/plugins/com.st.stm32cube.ide.mcu.externaltools.gnu-tools-for-stm32.7-2018-q2-update.win32_1.5.0.202011040924/tools/bin/../lib/gcc/arm-none-eabi/7.3.1/../../../../arm-none-eabi/lib/thumb/v7e-m/fpv4-sp/softfp\libc_nano.a(lib_a-nano-svfprintf.o)
[...]
Memory Configuration

Name             Origin             Length             Attributes
RAM              0x0000000020000000 0x0000000000020000 xrw
FLASH            0x0000000008000000 0x0000000000080000 xr
*default*        0x0000000000000000 0xffffffffffffffff

Linker script and memory map

LOAD d:/program files (x86)/stmicroelectronics/stm32cubeide/stm32cubeide_1.3.0/stm32cubeide/plugins/com.st.stm32cube.ide.mcu.externaltools.gnu-tools-for-stm32.7-2018-q2-update.win32_1.5.0.202011040924/tools/bin/../lib/gcc/arm-none-eabi/7.3.1/thumb/v7e-m/fpv4-sp/softfp/crti.o
LOAD d:/program files (x86)/stmicroelectronics/stm32cubeide/stm32cubeide_1.3.0/stm32cubeide/plugins/com.st.stm32cube.ide.mcu.externaltools.gnu-tools-for-stm32.7-2018-q2-update.win32_1.5.0.202011040924/tools/bin/../lib/gcc/arm-none-eabi/7.3.1/thumb/v7e-m/fpv4-sp/softfp/crtbegin.o
LOAD d:/program files (x86)/stmicroelectronics/stm32cubeide/stm32cubeide_1.3.0/stm32cubeide/plugins/com.st.stm32cube.ide.mcu.externaltools.gnu-tools-for-stm32.7-2018-q2-update.win32_1.5.0.202011040924/tools/bin/../lib/gcc/arm-none-eabi/7.3.1/../../../../arm-none-eabi/lib/thumb/v7e-m/fpv4-sp/softfp/crt0.o
LOAD Core/Src/main.o
LOAD Core/Src/stm32f4xx_hal_msp.o
LOAD Core/Src/stm32f4xx_it.o
LOAD Core/Src/stm32f4xx_nucleo_bus.o
LOAD Core/Src/syscalls.o
LOAD Core/Src/sysmem.o
LOAD Core/Src/system_stm32f4xx.o
LOAD Core/Startup/startup_stm32f446retx.o
LOAD Drivers/BSP/Components/hts221/hts221.o
LOAD Drivers/BSP/Components/hts221/hts221_reg.o
LOAD Drivers/BSP/Components/lps22hb/lps22hb.o
LOAD Drivers/BSP/Components/lps22hb/lps22hb_reg.o
LOAD Drivers/BSP/Components/lsm303agr/lsm303agr.o
LOAD Drivers/BSP/Components/lsm303agr/lsm303agr_reg.o
LOAD Drivers/BSP/Components/lsm6dsl/lsm6dsl.o
LOAD Drivers/BSP/Components/lsm6dsl/lsm6dsl_reg.o
LOAD Drivers/BSP/IKS01A2/iks01a2_env_sensors.o
LOAD Drivers/BSP/IKS01A2/iks01a2_env_sensors_ex.o
LOAD Drivers/BSP/IKS01A2/iks01a2_motion_sensors.o
LOAD Drivers/BSP/IKS01A2/iks01a2_motion_sensors_ex.o
LOAD Drivers/BSP/STM32F4xx_Nucleo/stm32f4xx_nucleo.o
LOAD Drivers/STM32F4xx_HAL_Driver/Src/stm32f4xx_hal.o
LOAD Drivers/STM32F4xx_HAL_Driver/Src/stm32f4xx_hal_cortex.o
LOAD Drivers/STM32F4xx_HAL_Driver/Src/stm32f4xx_hal_crc.o
LOAD Drivers/STM32F4xx_HAL_Driver/Src/stm32f4xx_hal_dma.o
LOAD Drivers/STM32F4xx_HAL_Driver/Src/stm32f4xx_hal_dma_ex.o
LOAD Drivers/STM32F4xx_HAL_Driver/Src/stm32f4xx_hal_exti.o
LOAD Drivers/STM32F4xx_HAL_Driver/Src/stm32f4xx_hal_flash.o
LOAD Drivers/STM32F4xx_HAL_Driver/Src/stm32f4xx_hal_flash_ex.o
LOAD Drivers/STM32F4xx_HAL_Driver/Src/stm32f4xx_hal_flash_ramfunc.o
LOAD Drivers/STM32F4xx_HAL_Driver/Src/stm32f4xx_hal_gpio.o
LOAD Drivers/STM32F4xx_HAL_Driver/Src/stm32f4xx_hal_i2c.o
LOAD Drivers/STM32F4xx_HAL_Driver/Src/stm32f4xx_hal_i2c_ex.o
LOAD Drivers/STM32F4xx_HAL_Driver/Src/stm32f4xx_hal_pwr.o
LOAD Drivers/STM32F4xx_HAL_Driver/Src/stm32f4xx_hal_pwr_ex.o
LOAD Drivers/STM32F4xx_HAL_Driver/Src/stm32f4xx_hal_rcc.o
LOAD Drivers/STM32F4xx_HAL_Driver/Src/stm32f4xx_hal_rcc_ex.o
LOAD Drivers/STM32F4xx_HAL_Driver/Src/stm32f4xx_hal_rtc.o
LOAD Drivers/STM32F4xx_HAL_Driver/Src/stm32f4xx_hal_rtc_ex.o
LOAD Drivers/STM32F4xx_HAL_Driver/Src/stm32f4xx_hal_tim.o
LOAD Drivers/STM32F4xx_HAL_Driver/Src/stm32f4xx_hal_tim_ex.o
LOAD Drivers/STM32F4xx_HAL_Driver/Src/stm32f4xx_hal_uart.o
LOAD MEMS/App/MadgwickAHRS.o
LOAD MEMS/App/app_mems.o
LOAD MEMS/Target/com.o
LOAD MEMS/Target/demo_serial.o
LOAD MEMS/Target/iks01a2_mems_control.o
LOAD MEMS/Target/iks01a2_mems_control_ex.o
LOAD MEMS/Target/motion_fx_manager.o
LOAD MEMS/Target/serial_protocol.o
LOAD C:\Users\Szczena\Desktop\PROJECTS\Embedded\EmbeddedSystemsProject\IMU_Visualization_Microcontroller\Middlewares\ST\STM32_MotionFX_Library\Lib\libMotionFX_CM4F_wc32_ot.a
START GROUP
LOAD d:/program files (x86)/stmicroelectronics/stm32cubeide/stm32cubeide_1.3.0/stm32cubeide/plugins/com.st.stm32cube.ide.mcu.externaltools.gnu-tools-for-stm32.7-2018-q2-update.win32_1.5.0.202011040924/tools/bin/../lib/gcc/arm-none-eabi/7.3.1/../../../../arm-none-eabi/lib/thumb/v7e-m/fpv4-sp/softfp\libc_nano.a
LOAD d:/program files (x86)/stmicroelectronics/stm32cubeide/stm32cubeide_1.3.0/stm32cubeide/plugins/com.st.stm32cube.ide.mcu.externaltools.gnu-tools-for-stm32.7-2018-q2-update.win32_1.5.0.202011040924/tools/bin/../lib/gcc/arm-none-eabi/7.3.1/../../../../arm-none-eabi/lib/thumb/v7e-m/fpv4-sp/softfp\libm.a
END GROUP
START GROUP
LOAD d:/program files (x86)/stmicroelectronics/stm32cubeide/stm32cubeide_1.3.0/stm32cubeide/plugins/com.st.stm32cube.ide.mcu.externaltools.gnu-tools-for-stm32.7-2018-q2-update.win32_1.5.0.202011040924/tools/bin/../lib/gcc/arm-none-eabi/7.3.1/thumb/v7e-m/fpv4-sp/softfp\libgcc.a
LOAD d:/program files (x86)/stmicroelectronics/stm32cubeide/stm32cubeide_1.3.0/stm32cubeide/plugins/com.st.stm32cube.ide.mcu.externaltools.gnu-tools-for-stm32.7-2018-q2-update.win32_1.5.0.202011040924/tools/bin/../lib/gcc/arm-none-eabi/7.3.1/../../../../arm-none-eabi/lib/thumb/v7e-m/fpv4-sp/softfp\libc_nano.a
END GROUP
START GROUP
LOAD d:/program files (x86)/stmicroelectronics/stm32cubeide/stm32cubeide_1.3.0/stm32cubeide/plugins/com.st.stm32cube.ide.mcu.externaltools.gnu-tools-for-stm32.7-2018-q2-update.win32_1.5.0.202011040924/tools/bin/../lib/gcc/arm-none-eabi/7.3.1/thumb/v7e-m/fpv4-sp/softfp\libgcc.a
LOAD d:/program files (x86)/stmicroelectronics/stm32cubeide/stm32cubeide_1.3.0/stm32cubeide/plugins/com.st.stm32cube.ide.mcu.externaltools.gnu-tools-for-stm32.7-2018-q2-update.win32_1.5.0.202011040924/tools/bin/../lib/gcc/arm-none-eabi/7.3.1/../../../../arm-none-eabi/lib/thumb/v7e-m/fpv4-sp/softfp\libc_nano.a
LOAD d:/program files (x86)/stmicroelectronics/stm32cubeide/stm32cubeide_1.3.0/stm32cubeide/plugins/com.st.stm32cube.ide.mcu.externaltools.gnu-tools-for-stm32.7-2018-q2-update.win32_1.5.0.202011040924/tools/bin/../lib/gcc/arm-none-eabi/7.3.1/../../../../arm-none-eabi/lib/thumb/v7e-m/fpv4-sp/softfp\libnosys.a
END GROUP
START GROUP
LOAD d:/program files (x86)/stmicroelectronics/stm32cubeide/stm32cubeide_1.3.0/stm32cubeide/plugins/com.st.stm32cube.ide.mcu.externaltools.gnu-tools-for-stm32.7-2018-q2-update.win32_1.5.0.202011040924/tools/bin/../lib/gcc/arm-none-eabi/7.3.1/thumb/v7e-m/fpv4-sp/softfp\libgcc.a
LOAD d:/program files (x86)/stmicroelectronics/stm32cubeide/stm32cubeide_1.3.0/stm32cubeide/plugins/com.st.stm32cube.ide.mcu.externaltools.gnu-tools-for-stm32.7-2018-q2-update.win32_1.5.0.202011040924/tools/bin/../lib/gcc/arm-none-eabi/7.3.1/../../../../arm-none-eabi/lib/thumb/v7e-m/fpv4-sp/softfp\libc_nano.a
LOAD d:/program files (x86)/stmicroelectronics/stm32cubeide/stm32cubeide_1.3.0/stm32cubeide/plugins/com.st.stm32cube.ide.mcu.externaltools.gnu-tools-for-stm32.7-2018-q2-update.win32_1.5.0.202011040924/tools/bin/../lib/gcc/arm-none-eabi/7.3.1/../../../../arm-none-eabi/lib/thumb/v7e-m/fpv4-sp/softfp\libnosys.a
END GROUP
LOAD d:/program files (x86)/stmicroelectronics/stm32cubeide/stm32cubeide_1.3.0/stm32cubeide/plugins/com.st.stm32cube.ide.mcu.externaltools.gnu-tools-for-stm32.7-2018-q2-update.win32_1.5.0.202011040924/tools/bin/../lib/gcc/arm-none-eabi/7.3.1/thumb/v7e-m/fpv4-sp/softfp/crtend.o
LOAD d:/program files (x86)/stmicroelectronics/stm32cubeide/stm32cubeide_1.3.0/stm32cubeide/plugins/com.st.stm32cube.ide.mcu.externaltools.gnu-tools-for-stm32.7-2018-q2-update.win32_1.5.0.202011040924/tools/bin/../lib/gcc/arm-none-eabi/7.3.1/thumb/v7e-m/fpv4-sp/softfp/crtn.o
                0x0000000020020000                _estack = (ORIGIN (RAM) + LENGTH (RAM))
                0x0000000000000200                _Min_Heap_Size = 0x200
                0x0000000000000400                _Min_Stack_Size = 0x400

.isr_vector     0x0000000008000000      0x1c4
                0x0000000008000000                . = ALIGN (0x4)
 *(.isr_vector)
 .isr_vector    0x0000000008000000      0x1c4 Core/Startup/startup_stm32f446retx.o
                0x0000000008000000                g_pfnVectors
                0x00000000080001c4                . = ALIGN (0x4)

.text           0x00000000080001d0    0x15f1c
                0x00000000080001d0                . = ALIGN (0x4)
 *(.text)
 .text          0x00000000080001d0       0x40 d:/program files (x86)/stmicroelectronics/stm32cubeide/stm32cubeide_1.3.0/stm32cubeide/plugins/com.st.stm32cube.ide.mcu.externaltools.gnu-tools-for-stm32.7-2018-q2-update.win32_1.5.0.202011040924/tools/bin/../lib/gcc/arm-none-eabi/7.3.1/thumb/v7e-m/fpv4-sp/softfp/crtbegin.o
 .text          0x0000000008000210       0xa0 d:/program files (x86)/stmicroelectronics/stm32cubeide/stm32cubeide_1.3.0/stm32cubeide/plugins/com.st.stm32cube.ide.mcu.externaltools.gnu-tools-for-stm32.7-2018-q2-update.win32_1.5.0.202011040924/tools/bin/../lib/gcc/arm-none-eabi/7.3.1/../../../../arm-none-eabi/lib/thumb/v7e-m/fpv4-sp/softfp\libc_nano.a(lib_a-memchr.o)
                0x0000000008000210                memchr
 .text          0x00000000080002b0      0x378 d:/program files (x86)/stmicroelectronics/stm32cubeide/stm32cubeide_1.3.0/stm32cubeide/plugins/com.st.stm32cube.ide.mcu.externaltools.gnu-tools-for-stm32.7-2018-q2-update.win32_1.5.0.202011040924/tools/bin/../lib/gcc/arm-none-eabi/7.3.1/thumb/v7e-m/fpv4-sp/softfp\libgcc.a(_arm_addsubdf3.o)
                0x00000000080002b0                __aeabi_drsub
                0x00000000080002b8                __aeabi_dsub
                0x00000000080002b8                __subdf3
                0x00000000080002bc                __aeabi_dadd
                0x00000000080002bc                __adddf3
                0x0000000008000534                __floatunsidf
                0x0000000008000534                __aeabi_ui2d
                0x0000000008000554                __floatsidf
                0x0000000008000554                __aeabi_i2d
                0x0000000008000578                __aeabi_f2d
                0x0000000008000578                __extendsfdf2
                0x00000000080005bc                __floatundidf
                0x00000000080005bc                __aeabi_ul2d
                0x00000000080005cc                __floatdidf
                0x00000000080005cc                __aeabi_l2d
 .text          0x0000000008000628      0x424 d:/program files (x86)/stmicroelectronics/stm32cubeide/stm32cubeide_1.3.0/stm32cubeide/plugins/com.st.stm32cube.ide.mcu.externaltools.gnu-tools-for-stm32.7-2018-q2-update.win32_1.5.0.202011040924/tools/bin/../lib/gcc/arm-none-eabi/7.3.1/thumb/v7e-m/fpv4-sp/softfp\libgcc.a(_arm_muldivdf3.o)
                0x0000000008000628                __aeabi_dmul
                0x0000000008000628                __muldf3
                0x000000000800087c                __divdf3
                0x000000000800087c                __aeabi_ddiv
 .text          0x0000000008000a4c      0x110 d:/program files (x86)/stmicroelectronics/stm32cubeide/stm32cubeide_1.3.0/stm32cubeide/plugins/com.st.stm32cube.ide.mcu.externaltools.gnu-tools-for-stm32.7-2018-q2-update.win32_1.5.0.202011040924/tools/bin/../lib/gcc/arm-none-eabi/7.3.1/thumb/v7e-m/fpv4-sp/softfp\libgcc.a(_arm_cmpdf2.o)
                0x0000000008000a4c                __gtdf2
                0x0000000008000a4c                __gedf2
                0x0000000008000a54                __ltdf2
                0x0000000008000a54                __ledf2
                0x0000000008000a5c                __nedf2
                0x0000000008000a5c                __eqdf2
                0x0000000008000a5c                __cmpdf2
                0x0000000008000ad8                __aeabi_cdrcmple
                0x0000000008000ae8                __aeabi_cdcmpeq
                0x0000000008000ae8                __aeabi_cdcmple
                0x0000000008000af8                __aeabi_dcmpeq
                0x0000000008000b0c                __aeabi_dcmplt
                0x0000000008000b20                __aeabi_dcmple
                0x0000000008000b34                __aeabi_dcmpge
                0x0000000008000b48                __aeabi_dcmpgt
 .text          0x0000000008000b5c       0x2c d:/program files (x86)/stmicroelectronics/stm32cubeide/stm32cubeide_1.3.0/stm32cubeide/plugins/com.st.stm32cube.ide.mcu.externaltools.gnu-tools-for-stm32.7-2018-q2-update.win32_1.5.0.202011040924/tools/bin/../lib/gcc/arm-none-eabi/7.3.1/thumb/v7e-m/fpv4-sp/softfp\libgcc.a(_arm_unorddf2.o)
                0x0000000008000b5c                __unorddf2
                0x0000000008000b5c                __aeabi_dcmpun
 .text          0x0000000008000b88       0x50 d:/program files (x86)/stmicroelectronics/stm32cubeide/stm32cubeide_1.3.0/stm32cubeide/plugins/com.st.stm32cube.ide.mcu.externaltools.gnu-tools-for-stm32.7-2018-q2-update.win32_1.5.0.202011040924/tools/bin/../lib/gcc/arm-none-eabi/7.3.1/thumb/v7e-m/fpv4-sp/softfp\libgcc.a(_arm_fixdfsi.o)
                0x0000000008000b88                __aeabi_d2iz
                0x0000000008000b88                __fixdfsi
 .text          0x0000000008000bd8       0xa0 d:/program files (x86)/stmicroelectronics/stm32cubeide/stm32cubeide_1.3.0/stm32cubeide/plugins/com.st.stm32cube.ide.mcu.externaltools.gnu-tools-for-stm32.7-2018-q2-update.win32_1.5.0.202011040924/tools/bin/../lib/gcc/arm-none-eabi/7.3.1/thumb/v7e-m/fpv4-sp/softfp\libgcc.a(_arm_truncdfsf2.o)
                0x0000000008000bd8                __truncdfsf2
                0x0000000008000bd8                __aeabi_d2f
 .text          0x0000000008000c78       0x30 d:/program files (x86)/stmicroelectronics/stm32cubeide/stm32cubeide_1.3.0/stm32cubeide/plugins/com.st.stm32cube.ide.mcu.externaltools.gnu-tools-for-stm32.7-2018-q2-update.win32_1.5.0.202011040924/tools/bin/../lib/gcc/arm-none-eabi/7.3.1/thumb/v7e-m/fpv4-sp/softfp\libgcc.a(_aeabi_uldivmod.o)
                0x0000000008000c78                __aeabi_uldivmod
 .text          0x0000000008000ca8      0x2cc d:/program files (x86)/stmicroelectronics/stm32cubeide/stm32cubeide_1.3.0/stm32cubeide/plugins/com.st.stm32cube.ide.mcu.externaltools.gnu-tools-for-stm32.7-2018-q2-update.win32_1.5.0.202011040924/tools/bin/../lib/gcc/arm-none-eabi/7.3.1/thumb/v7e-m/fpv4-sp/softfp\libgcc.a(_udivmoddi4.o)
                0x0000000008000ca8                __udivmoddi4
 .text          0x0000000008000f74        0x4 d:/program files (x86)/stmicroelectronics/stm32cubeide/stm32cubeide_1.3.0/stm32cubeide/plugins/com.st.stm32cube.ide.mcu.externaltools.gnu-tools-for-stm32.7-2018-q2-update.win32_1.5.0.202011040924/tools/bin/../lib/gcc/arm-none-eabi/7.3.1/thumb/v7e-m/fpv4-sp/softfp\libgcc.a(_dvmd_tls.o)
                0x0000000008000f74                __aeabi_idiv0
                0x0000000008000f74                __aeabi_ldiv0
 *(.text*)
 .text.MX_GPIO_Init
                0x0000000008000f78       0x70 Core/Src/main.o
 .text.MX_DMA_Init
                0x0000000008000fe8       0x34 Core/Src/main.o
 .text.MX_CRC_Init
                0x000000000800101c       0x18 Core/Src/main.o
 .text.MX_RTC_Init
                0x0000000008001034       0x70 Core/Src/main.o
 .text.SystemClock_Config
                0x00000000080010a4       0x9c Core/Src/main.o
                0x00000000080010a4                SystemClock_Config
 .text.main     0x0000000008001140       0x24 Core/Src/main.o
                0x0000000008001140                main
 .text.MX_TIM3_Init
                0x0000000008001164       0x54 Core/Src/main.o
                0x0000000008001164                MX_TIM3_Init
 .text.Error_Handler
                0x00000000080011b8        0x2 Core/Src/main.o
                0x00000000080011b8                Error_Handler
 *fill*         0x00000000080011ba        0x2 
 .text.HAL_MspInit
                0x00000000080011bc       0x38 Core/Src/stm32f4xx_hal_msp.o
                0x00000000080011bc                HAL_MspInit
 .text.HAL_CRC_MspInit
                0x00000000080011f4       0x30 Core/Src/stm32f4xx_hal_msp.o
                0x00000000080011f4                HAL_CRC_MspInit
 .text.HAL_RTC_MspInit
                0x0000000008001224       0x1c Core/Src/stm32f4xx_hal_msp.o
                0x0000000008001224                HAL_RTC_MspInit
 .text.HAL_TIM_Base_MspInit
                0x0000000008001240       0x40 Core/Src/stm32f4xx_hal_msp.o
                0x0000000008001240                HAL_TIM_Base_MspInit
 .text.NMI_Handler
                0x0000000008001280        0x2 Core/Src/stm32f4xx_it.o
                0x0000000008001280                NMI_Handler
 .text.HardFault_Handler
                0x0000000008001282        0x2 Core/Src/stm32f4xx_it.o
                0x0000000008001282                HardFault_Handler
 .text.MemManage_Handler
                0x0000000008001284        0x2 Core/Src/stm32f4xx_it.o
                0x0000000008001284                MemManage_Handler
 .text.BusFault_Handler
                0x0000000008001286        0x2 Core/Src/stm32f4xx_it.o
                0x0000000008001286                BusFault_Handler
 .text.UsageFault_Handler
                0x0000000008001288        0x2 Core/Src/stm32f4xx_it.o
                0x0000000008001288                UsageFault_Handler
 .text.SVC_Handler
                0x000000000800128a        0x2 Core/Src/stm32f4xx_it.o
                0x000000000800128a                SVC_Handler
 .text.DebugMon_Handler
                0x000000000800128c        0x2 Core/Src/stm32f4xx_it.o
                0x000000000800128c                DebugMon_Handler
 .text.PendSV_Handler
                0x000000000800128e        0x2 Core/Src/stm32f4xx_it.o
                0x000000000800128e                PendSV_Handler
 .text.SysTick_Handler
                0x0000000008001290        0x8 Core/Src/stm32f4xx_it.o
                0x0000000008001290                SysTick_Handler
 .text.DMA1_Stream5_IRQHandler
                0x0000000008001298       0x10 Core/Src/stm32f4xx_it.o
                0x0000000008001298                DMA1_Stream5_IRQHandler
 .text.TIM3_IRQHandler
                0x00000000080012a8       0x10 Core/Src/stm32f4xx_it.o
                0x00000000080012a8                TIM3_IRQHandler
 .text.EXTI15_10_IRQHandler
                0x00000000080012b8       0x10 Core/Src/stm32f4xx_it.o
                0x00000000080012b8                EXTI15_10_IRQHandler
 .text.I2C1_MspInit
                0x00000000080012c8       0x88 Core/Src/stm32f4xx_nucleo_bus.o
 .text.I2C1_MspDeInit
                0x0000000008001350       0x2c Core/Src/stm32f4xx_nucleo_bus.o
 .text.BSP_I2C1_DeInit
                0x000000000800137c       0x38 Core/Src/stm32f4xx_nucleo_bus.o
                0x000000000800137c                BSP_I2C1_DeInit
 .text.BSP_I2C1_WriteReg
                0x00000000080013b4       0x3c Core/Src/stm32f4xx_nucleo_bus.o
                0x00000000080013b4                BSP_I2C1_WriteReg
 .text.BSP_I2C1_ReadReg
                0x00000000080013f0       0x3c Core/Src/stm32f4xx_nucleo_bus.o
                0x00000000080013f0                BSP_I2C1_ReadReg
 .text.BSP_GetTick
                0x000000000800142c        0x8 Core/Src/stm32f4xx_nucleo_bus.o
                0x000000000800142c                BSP_GetTick
 .text.MX_I2C1_Init
                0x0000000008001434       0x34 Core/Src/stm32f4xx_nucleo_bus.o
                0x0000000008001434                MX_I2C1_Init
 .text.BSP_I2C1_Init
                0x0000000008001468       0x48 Core/Src/stm32f4xx_nucleo_bus.o
                0x0000000008001468                BSP_I2C1_Init
 .text._sbrk    0x00000000080014b0       0x3c Core/Src/sysmem.o
                0x00000000080014b0                _sbrk
 .text.SystemInit
                0x00000000080014ec       0x1c Core/Src/system_stm32f4xx.o
                0x00000000080014ec                SystemInit
 .text.Reset_Handler
                0x0000000008001508       0x50 Core/Startup/startup_stm32f446retx.o
                0x0000000008001508                Reset_Handler
 .text.Default_Handler
                0x0000000008001558        0x2 Core/Startup/startup_stm32f446retx.o
                0x0000000008001558                RTC_Alarm_IRQHandler
                0x0000000008001558                EXTI2_IRQHandler
                0x0000000008001558                TIM8_CC_IRQHandler
                0x0000000008001558                FMPI2C1_EV_IRQHandler
                0x0000000008001558                SPI4_IRQHandler
                0x0000000008001558                TIM1_CC_IRQHandler
                0x0000000008001558                DMA2_Stream5_IRQHandler
                0x0000000008001558                PVD_IRQHandler
                0x0000000008001558                SDIO_IRQHandler
                0x0000000008001558                TAMP_STAMP_IRQHandler
                0x0000000008001558                CAN2_RX1_IRQHandler
                0x0000000008001558                EXTI3_IRQHandler
                0x0000000008001558                TIM8_TRG_COM_TIM14_IRQHandler
                0x0000000008001558                TIM1_UP_TIM10_IRQHandler
                0x0000000008001558                TIM8_UP_TIM13_IRQHandler
                0x0000000008001558                I2C3_ER_IRQHandler
                0x0000000008001558                EXTI0_IRQHandler
                0x0000000008001558                I2C2_EV_IRQHandler
                0x0000000008001558                DMA1_Stream2_IRQHandler
                0x0000000008001558                CAN1_RX0_IRQHandler
                0x0000000008001558                FPU_IRQHandler
                0x0000000008001558                OTG_HS_WKUP_IRQHandler
                0x0000000008001558                CAN2_SCE_IRQHandler
                0x0000000008001558                DMA2_Stream2_IRQHandler
                0x0000000008001558                SPI1_IRQHandler
                0x0000000008001558                TIM6_DAC_IRQHandler
                0x0000000008001558                TIM1_BRK_TIM9_IRQHandler
                0x0000000008001558                DCMI_IRQHandler
                0x0000000008001558                CAN2_RX0_IRQHandler
                0x0000000008001558                DMA2_Stream3_IRQHandler
                0x0000000008001558                SAI2_IRQHandler
                0x0000000008001558                USART6_IRQHandler
                0x0000000008001558                USART3_IRQHandler
                0x0000000008001558                CAN1_RX1_IRQHandler
                0x0000000008001558                UART5_IRQHandler
                0x0000000008001558                DMA2_Stream0_IRQHandler
                0x0000000008001558                TIM4_IRQHandler
                0x0000000008001558                QUADSPI_IRQHandler
                0x0000000008001558                I2C1_EV_IRQHandler
                0x0000000008001558                DMA1_Stream6_IRQHandler
                0x0000000008001558                DMA1_Stream1_IRQHandler
                0x0000000008001558                UART4_IRQHandler
                0x0000000008001558                RCC_IRQHandler
                0x0000000008001558                TIM8_BRK_TIM12_IRQHandler
                0x0000000008001558                Default_Handler
                0x0000000008001558                CEC_IRQHandler
                0x0000000008001558                ADC_IRQHandler
                0x0000000008001558                DMA1_Stream7_IRQHandler
                0x0000000008001558                TIM7_IRQHandler
                0x0000000008001558                CAN2_TX_IRQHandler
                0x0000000008001558                TIM5_IRQHandler
                0x0000000008001558                DMA2_Stream7_IRQHandler
                0x0000000008001558                I2C3_EV_IRQHandler
                0x0000000008001558                EXTI9_5_IRQHandler
                0x0000000008001558                RTC_WKUP_IRQHandler
                0x0000000008001558                SPDIF_RX_IRQHandler
                0x0000000008001558                SPI2_IRQHandler
                0x0000000008001558                OTG_HS_EP1_IN_IRQHandler
                0x0000000008001558                DMA1_Stream0_IRQHandler
                0x0000000008001558                CAN1_TX_IRQHandler
                0x0000000008001558                FMPI2C1_ER_IRQHandler
                0x0000000008001558                EXTI4_IRQHandler
                0x0000000008001558                OTG_HS_EP1_OUT_IRQHandler
                0x0000000008001558                WWDG_IRQHandler
                0x0000000008001558                TIM2_IRQHandler
                0x0000000008001558                OTG_FS_WKUP_IRQHandler
                0x0000000008001558                TIM1_TRG_COM_TIM11_IRQHandler
                0x0000000008001558                OTG_HS_IRQHandler
                0x0000000008001558                EXTI1_IRQHandler
                0x0000000008001558                USART2_IRQHandler
                0x0000000008001558                I2C2_ER_IRQHandler
                0x0000000008001558                DMA2_Stream1_IRQHandler
                0x0000000008001558                CAN1_SCE_IRQHandler
                0x0000000008001558                FLASH_IRQHandler
                0x0000000008001558                DMA2_Stream4_IRQHandler
                0x0000000008001558                USART1_IRQHandler
                0x0000000008001558                OTG_FS_IRQHandler
                0x0000000008001558                SPI3_IRQHandler
                0x0000000008001558                DMA1_Stream4_IRQHandler
                0x0000000008001558                I2C1_ER_IRQHandler
                0x0000000008001558                FMC_IRQHandler
                0x0000000008001558                DMA2_Stream6_IRQHandler
                0x0000000008001558                SAI1_IRQHandler
                0x0000000008001558                DMA1_Stream3_IRQHandler
 *fill*         0x000000000800155a        0x2 
 .text.HTS221_GetCapabilities
                0x000000000800155c       0x1c Drivers/BSP/Components/hts221/hts221.o
                0x000000000800155c                HTS221_GetCapabilities
 .text.Linear_Interpolation
                0x0000000008001578       0x32 Drivers/BSP/Components/hts221/hts221.o
 .text.ReadRegWrap
                0x00000000080015aa       0x1e Drivers/BSP/Components/hts221/hts221.o
 .text.WriteRegWrap
                0x00000000080015c8       0x1e Drivers/BSP/Components/hts221/hts221.o
 .text.HTS221_HUM_Enable
                0x00000000080015e6       0x32 Drivers/BSP/Components/hts221/hts221.o
                0x00000000080015e6                HTS221_HUM_Enable
 .text.HTS221_HUM_Disable
                0x0000000008001618       0x2e Drivers/BSP/Components/hts221/hts221.o
                0x0000000008001618                HTS221_HUM_Disable
 .text.HTS221_TEMP_Enable
                0x0000000008001646       0x32 Drivers/BSP/Components/hts221/hts221.o
                0x0000000008001646                HTS221_TEMP_Enable
 .text.HTS221_TEMP_Disable
                0x0000000008001678       0x2e Drivers/BSP/Components/hts221/hts221.o
                0x0000000008001678                HTS221_TEMP_Disable
 .text.HTS221_DeInit
                0x00000000080016a6       0x30 Drivers/BSP/Components/hts221/hts221.o
                0x00000000080016a6                HTS221_DeInit
 .text.HTS221_SetOutputDataRate
                0x00000000080016d6       0x3c Drivers/BSP/Components/hts221/hts221.o
 .text.HTS221_Initialize
                0x0000000008001712       0x40 Drivers/BSP/Components/hts221/hts221.o
 .text.HTS221_Init
                0x0000000008001752       0x22 Drivers/BSP/Components/hts221/hts221.o
                0x0000000008001752                HTS221_Init
 .text.HTS221_HUM_SetOutputDataRate
                0x0000000008001774        0xc Drivers/BSP/Components/hts221/hts221.o
                0x0000000008001774                HTS221_HUM_SetOutputDataRate
 .text.HTS221_TEMP_SetOutputDataRate
                0x0000000008001780        0xc Drivers/BSP/Components/hts221/hts221.o
                0x0000000008001780                HTS221_TEMP_SetOutputDataRate
 .text.HTS221_ReadID
                0x000000000800178c       0x16 Drivers/BSP/Components/hts221/hts221.o
                0x000000000800178c                HTS221_ReadID
 *fill*         0x00000000080017a2        0x2 
 .text.HTS221_GetOutputDataRate
                0x00000000080017a4       0x58 Drivers/BSP/Components/hts221/hts221.o
 .text.HTS221_HUM_GetOutputDataRate
                0x00000000080017fc        0x8 Drivers/BSP/Components/hts221/hts221.o
                0x00000000080017fc                HTS221_HUM_GetOutputDataRate
 .text.HTS221_TEMP_GetOutputDataRate
                0x0000000008001804        0x8 Drivers/BSP/Components/hts221/hts221.o
                0x0000000008001804                HTS221_TEMP_GetOutputDataRate
 .text.HTS221_HUM_GetHumidity
                0x000000000800180c       0xf0 Drivers/BSP/Components/hts221/hts221.o
                0x000000000800180c                HTS221_HUM_GetHumidity
 .text.HTS221_TEMP_GetTemperature
                0x00000000080018fc       0xc0 Drivers/BSP/Components/hts221/hts221.o
                0x00000000080018fc                HTS221_TEMP_GetTemperature
 .text.HTS221_RegisterBusIO
                0x00000000080019bc       0x48 Drivers/BSP/Components/hts221/hts221.o
                0x00000000080019bc                HTS221_RegisterBusIO
 .text.hts221_read_reg
                0x0000000008001a04        0xa Drivers/BSP/Components/hts221/hts221_reg.o
                0x0000000008001a04                hts221_read_reg
 .text.hts221_write_reg
                0x0000000008001a0e        0xa Drivers/BSP/Components/hts221/hts221_reg.o
                0x0000000008001a0e                hts221_write_reg
 .text.hts221_data_rate_set
                0x0000000008001a18       0x38 Drivers/BSP/Components/hts221/hts221_reg.o
                0x0000000008001a18                hts221_data_rate_set
 .text.hts221_data_rate_get
                0x0000000008001a50       0x44 Drivers/BSP/Components/hts221/hts221_reg.o
                0x0000000008001a50                hts221_data_rate_get
 .text.hts221_block_data_update_set
                0x0000000008001a94       0x38 Drivers/BSP/Components/hts221/hts221_reg.o
                0x0000000008001a94                hts221_block_data_update_set
 .text.hts221_humidity_raw_get
                0x0000000008001acc        0xe Drivers/BSP/Components/hts221/hts221_reg.o
                0x0000000008001acc                hts221_humidity_raw_get
 .text.hts221_temperature_raw_get
                0x0000000008001ada        0xe Drivers/BSP/Components/hts221/hts221_reg.o
                0x0000000008001ada                hts221_temperature_raw_get
 .text.hts221_device_id_get
                0x0000000008001ae8        0xe Drivers/BSP/Components/hts221/hts221_reg.o
                0x0000000008001ae8                hts221_device_id_get
 .text.hts221_power_on_set
                0x0000000008001af6       0x38 Drivers/BSP/Components/hts221/hts221_reg.o
                0x0000000008001af6                hts221_power_on_set
 .text.hts221_hum_rh_point_0_get
                0x0000000008001b2e       0x16 Drivers/BSP/Components/hts221/hts221_reg.o
                0x0000000008001b2e                hts221_hum_rh_point_0_get
 .text.hts221_hum_rh_point_1_get
                0x0000000008001b44       0x16 Drivers/BSP/Components/hts221/hts221_reg.o
                0x0000000008001b44                hts221_hum_rh_point_1_get
 .text.hts221_temp_deg_point_0_get
                0x0000000008001b5a       0x42 Drivers/BSP/Components/hts221/hts221_reg.o
                0x0000000008001b5a                hts221_temp_deg_point_0_get
 .text.hts221_temp_deg_point_1_get
                0x0000000008001b9c       0x42 Drivers/BSP/Components/hts221/hts221_reg.o
                0x0000000008001b9c                hts221_temp_deg_point_1_get
 .text.hts221_hum_adc_point_0_get
                0x0000000008001bde        0xe Drivers/BSP/Components/hts221/hts221_reg.o
                0x0000000008001bde                hts221_hum_adc_point_0_get
 .text.hts221_hum_adc_point_1_get
                0x0000000008001bec        0xe Drivers/BSP/Components/hts221/hts221_reg.o
                0x0000000008001bec                hts221_hum_adc_point_1_get
 .text.hts221_temp_adc_point_0_get
                0x0000000008001bfa        0xe Drivers/BSP/Components/hts221/hts221_reg.o
                0x0000000008001bfa                hts221_temp_adc_point_0_get
 .text.hts221_temp_adc_point_1_get
                0x0000000008001c08        0xe Drivers/BSP/Components/hts221/hts221_reg.o
                0x0000000008001c08                hts221_temp_adc_point_1_get
 *fill*         0x0000000008001c16        0x2 
 .text.LPS22HB_GetCapabilities
                0x0000000008001c18       0x1c Drivers/BSP/Components/lps22hb/lps22hb.o
                0x0000000008001c18                LPS22HB_GetCapabilities
 .text.LPS22HB_SetOutputDataRate_When_Disabled
                0x0000000008001c34       0x58 Drivers/BSP/Components/lps22hb/lps22hb.o
 .text.ReadRegWrap
                0x0000000008001c8c       0x4a Drivers/BSP/Components/lps22hb/lps22hb.o
 .text.WriteRegWrap
                0x0000000008001cd6       0x4a Drivers/BSP/Components/lps22hb/lps22hb.o
 .text.LPS22HB_PRESS_Enable
                0x0000000008001d20       0x30 Drivers/BSP/Components/lps22hb/lps22hb.o
                0x0000000008001d20                LPS22HB_PRESS_Enable
 .text.LPS22HB_TEMP_Enable
                0x0000000008001d50       0x30 Drivers/BSP/Components/lps22hb/lps22hb.o
                0x0000000008001d50                LPS22HB_TEMP_Enable
 .text.LPS22HB_Initialize
                0x0000000008001d80       0x7a Drivers/BSP/Components/lps22hb/lps22hb.o
 .text.LPS22HB_Init
                0x0000000008001dfa       0x22 Drivers/BSP/Components/lps22hb/lps22hb.o
                0x0000000008001dfa                LPS22HB_Init
 .text.LPS22HB_ReadID
                0x0000000008001e1c       0x16 Drivers/BSP/Components/lps22hb/lps22hb.o
                0x0000000008001e1c                LPS22HB_ReadID
 .text.LPS22HB_PRESS_Disable
                0x0000000008001e32       0x44 Drivers/BSP/Components/lps22hb/lps22hb.o
                0x0000000008001e32                LPS22HB_PRESS_Disable
 *fill*         0x0000000008001e76        0x2 
 .text.LPS22HB_GetOutputDataRate
                0x0000000008001e78       0x6c Drivers/BSP/Components/lps22hb/lps22hb.o
 .text.LPS22HB_PRESS_GetOutputDataRate
                0x0000000008001ee4        0x8 Drivers/BSP/Components/lps22hb/lps22hb.o
                0x0000000008001ee4                LPS22HB_PRESS_GetOutputDataRate
 .text.LPS22HB_TEMP_GetOutputDataRate
                0x0000000008001eec        0x8 Drivers/BSP/Components/lps22hb/lps22hb.o
                0x0000000008001eec                LPS22HB_TEMP_GetOutputDataRate
 .text.LPS22HB_SetOutputDataRate_When_Enabled
                0x0000000008001ef4       0x7c Drivers/BSP/Components/lps22hb/lps22hb.o
 .text.LPS22HB_PRESS_SetOutputDataRate
                0x0000000008001f70       0x1e Drivers/BSP/Components/lps22hb/lps22hb.o
                0x0000000008001f70                LPS22HB_PRESS_SetOutputDataRate
 .text.LPS22HB_TEMP_SetOutputDataRate
                0x0000000008001f8e       0x1e Drivers/BSP/Components/lps22hb/lps22hb.o
                0x0000000008001f8e                LPS22HB_TEMP_SetOutputDataRate
 .text.LPS22HB_TEMP_Disable
                0x0000000008001fac       0x44 Drivers/BSP/Components/lps22hb/lps22hb.o
                0x0000000008001fac                LPS22HB_TEMP_Disable
 .text.LPS22HB_DeInit
                0x0000000008001ff0       0x30 Drivers/BSP/Components/lps22hb/lps22hb.o
                0x0000000008001ff0                LPS22HB_DeInit
 .text.LPS22HB_PRESS_GetPressure
                0x0000000008002020       0x2a Drivers/BSP/Components/lps22hb/lps22hb.o
                0x0000000008002020                LPS22HB_PRESS_GetPressure
 .text.LPS22HB_TEMP_GetTemperature
                0x000000000800204a       0x2e Drivers/BSP/Components/lps22hb/lps22hb.o
                0x000000000800204a                LPS22HB_TEMP_GetTemperature
 .text.LPS22HB_Write_Reg
                0x0000000008002078       0x24 Drivers/BSP/Components/lps22hb/lps22hb.o
                0x0000000008002078                LPS22HB_Write_Reg
 .text.LPS22HB_RegisterBusIO
                0x000000000800209c       0x7c Drivers/BSP/Components/lps22hb/lps22hb.o
                0x000000000800209c                LPS22HB_RegisterBusIO
 .text.lps22hb_read_reg
                0x0000000008002118        0xa Drivers/BSP/Components/lps22hb/lps22hb_reg.o
                0x0000000008002118                lps22hb_read_reg
 .text.lps22hb_write_reg
                0x0000000008002122        0xa Drivers/BSP/Components/lps22hb/lps22hb_reg.o
                0x0000000008002122                lps22hb_write_reg
 .text.lps22hb_from_lsb_to_hpa
                0x000000000800212c       0x1c Drivers/BSP/Components/lps22hb/lps22hb_reg.o
                0x000000000800212c                lps22hb_from_lsb_to_hpa
 .text.lps22hb_from_lsb_to_degc
                0x0000000008002148       0x1c Drivers/BSP/Components/lps22hb/lps22hb_reg.o
                0x0000000008002148                lps22hb_from_lsb_to_degc
 .text.lps22hb_block_data_update_set
                0x0000000008002164       0x38 Drivers/BSP/Components/lps22hb/lps22hb_reg.o
                0x0000000008002164                lps22hb_block_data_update_set
 .text.lps22hb_low_pass_filter_mode_set
                0x000000000800219c       0x38 Drivers/BSP/Components/lps22hb/lps22hb_reg.o
                0x000000000800219c                lps22hb_low_pass_filter_mode_set
 .text.lps22hb_data_rate_set
                0x00000000080021d4       0x38 Drivers/BSP/Components/lps22hb/lps22hb_reg.o
                0x00000000080021d4                lps22hb_data_rate_set
 .text.lps22hb_data_rate_get
                0x000000000800220c       0x52 Drivers/BSP/Components/lps22hb/lps22hb_reg.o
                0x000000000800220c                lps22hb_data_rate_get
 .text.lps22hb_pressure_raw_get
                0x000000000800225e        0xe Drivers/BSP/Components/lps22hb/lps22hb_reg.o
                0x000000000800225e                lps22hb_pressure_raw_get
 .text.lps22hb_temperature_raw_get
                0x000000000800226c        0xe Drivers/BSP/Components/lps22hb/lps22hb_reg.o
                0x000000000800226c                lps22hb_temperature_raw_get
 .text.lps22hb_device_id_get
                0x000000000800227a        0xe Drivers/BSP/Components/lps22hb/lps22hb_reg.o
                0x000000000800227a                lps22hb_device_id_get
 .text.lps22hb_low_power_set
                0x0000000008002288       0x38 Drivers/BSP/Components/lps22hb/lps22hb_reg.o
                0x0000000008002288                lps22hb_low_power_set
 .text.lps22hb_auto_add_inc_set
                0x00000000080022c0       0x38 Drivers/BSP/Components/lps22hb/lps22hb_reg.o
                0x00000000080022c0                lps22hb_auto_add_inc_set
 .text.LSM303AGR_ACC_GetCapabilities
                0x00000000080022f8       0x24 Drivers/BSP/Components/lsm303agr/lsm303agr.o
                0x00000000080022f8                LSM303AGR_ACC_GetCapabilities
 .text.LSM303AGR_MAG_GetCapabilities
                0x000000000800231c       0x24 Drivers/BSP/Components/lsm303agr/lsm303agr.o
                0x000000000800231c                LSM303AGR_MAG_GetCapabilities
 .text.LSM303AGR_MAG_GetSensitivity
                0x0000000008002340        0xa Drivers/BSP/Components/lsm303agr/lsm303agr.o
                0x0000000008002340                LSM303AGR_MAG_GetSensitivity
 .text.LSM303AGR_MAG_GetFullScale
                0x000000000800234a        0x8 Drivers/BSP/Components/lsm303agr/lsm303agr.o
                0x000000000800234a                LSM303AGR_MAG_GetFullScale
 .text.LSM303AGR_MAG_SetFullScale
                0x0000000008002352        0x4 Drivers/BSP/Components/lsm303agr/lsm303agr.o
                0x0000000008002352                LSM303AGR_MAG_SetFullScale
 *fill*         0x0000000008002356        0x2 
 .text.LSM303AGR_ACC_SetOutputDataRate_When_Disabled
                0x0000000008002358       0x84 Drivers/BSP/Components/lsm303agr/lsm303agr.o
 .text.ReadAccRegWrap
                0x00000000080023dc       0x1e Drivers/BSP/Components/lsm303agr/lsm303agr.o
 .text.WriteAccRegWrap
                0x00000000080023fa       0x1e Drivers/BSP/Components/lsm303agr/lsm303agr.o
 .text.ReadMagRegWrap
                0x0000000008002418       0x1e Drivers/BSP/Components/lsm303agr/lsm303agr.o
 .text.WriteMagRegWrap
                0x0000000008002436       0x1e Drivers/BSP/Components/lsm303agr/lsm303agr.o
 .text.LSM303AGR_ACC_Enable
                0x0000000008002454       0x30 Drivers/BSP/Components/lsm303agr/lsm303agr.o
                0x0000000008002454                LSM303AGR_ACC_Enable
 .text.LSM303AGR_ACC_SetOutputDataRate_When_Enabled
                0x0000000008002484       0x90 Drivers/BSP/Components/lsm303agr/lsm303agr.o
 .text.LSM303AGR_ACC_SetOutputDataRate
                0x0000000008002514       0x1e Drivers/BSP/Components/lsm303agr/lsm303agr.o
                0x0000000008002514                LSM303AGR_ACC_SetOutputDataRate
 .text.LSM303AGR_ACC_Init
                0x0000000008002532       0x5a Drivers/BSP/Components/lsm303agr/lsm303agr.o
                0x0000000008002532                LSM303AGR_ACC_Init
 .text.LSM303AGR_ACC_SetFullScale
                0x000000000800258c       0x30 Drivers/BSP/Components/lsm303agr/lsm303agr.o
                0x000000000800258c                LSM303AGR_ACC_SetFullScale
 .text.LSM303AGR_ACC_ReadID
                0x00000000080025bc       0x16 Drivers/BSP/Components/lsm303agr/lsm303agr.o
                0x00000000080025bc                LSM303AGR_ACC_ReadID
 .text.LSM303AGR_ACC_Disable
                0x00000000080025d2       0x40 Drivers/BSP/Components/lsm303agr/lsm303agr.o
                0x00000000080025d2                LSM303AGR_ACC_Disable
 .text.LSM303AGR_ACC_DeInit
                0x0000000008002612       0x20 Drivers/BSP/Components/lsm303agr/lsm303agr.o
                0x0000000008002612                LSM303AGR_ACC_DeInit
 *fill*         0x0000000008002632        0x2 
 .text.LSM303AGR_ACC_GetOutputDataRate
                0x0000000008002634      0x114 Drivers/BSP/Components/lsm303agr/lsm303agr.o
                0x0000000008002634                LSM303AGR_ACC_GetOutputDataRate
 .text.LSM303AGR_ACC_GetSensitivityHR
                0x0000000008002748       0x5c Drivers/BSP/Components/lsm303agr/lsm303agr.o
 .text.LSM303AGR_ACC_GetSensitivityNM
                0x00000000080027a4       0x5c Drivers/BSP/Components/lsm303agr/lsm303agr.o
 .text.LSM303AGR_ACC_GetSensitivityLP
                0x0000000008002800       0x5c Drivers/BSP/Components/lsm303agr/lsm303agr.o
 .text.LSM303AGR_ACC_GetSensitivity
                0x000000000800285c       0x6e Drivers/BSP/Components/lsm303agr/lsm303agr.o
                0x000000000800285c                LSM303AGR_ACC_GetSensitivity
 .text.LSM303AGR_ACC_GetFullScale
                0x00000000080028ca       0x4c Drivers/BSP/Components/lsm303agr/lsm303agr.o
                0x00000000080028ca                LSM303AGR_ACC_GetFullScale
 .text.LSM303AGR_ACC_GetAxesRaw
                0x0000000008002916       0x72 Drivers/BSP/Components/lsm303agr/lsm303agr.o
                0x0000000008002916                LSM303AGR_ACC_GetAxesRaw
 .text.LSM303AGR_ACC_GetAxes
                0x0000000008002988       0x7e Drivers/BSP/Components/lsm303agr/lsm303agr.o
                0x0000000008002988                LSM303AGR_ACC_GetAxes
 .text.LSM303AGR_MAG_Enable
                0x0000000008002a06       0x2e Drivers/BSP/Components/lsm303agr/lsm303agr.o
                0x0000000008002a06                LSM303AGR_MAG_Enable
 .text.LSM303AGR_MAG_Disable
                0x0000000008002a34       0x2c Drivers/BSP/Components/lsm303agr/lsm303agr.o
                0x0000000008002a34                LSM303AGR_MAG_Disable
 .text.LSM303AGR_MAG_DeInit
                0x0000000008002a60       0x1c Drivers/BSP/Components/lsm303agr/lsm303agr.o
                0x0000000008002a60                LSM303AGR_MAG_DeInit
 .text.LSM303AGR_MAG_SetOutputDataRate
                0x0000000008002a7c       0x58 Drivers/BSP/Components/lsm303agr/lsm303agr.o
                0x0000000008002a7c                LSM303AGR_MAG_SetOutputDataRate
 .text.LSM303AGR_MAG_Init
                0x0000000008002ad4       0x54 Drivers/BSP/Components/lsm303agr/lsm303agr.o
                0x0000000008002ad4                LSM303AGR_MAG_Init
 .text.LSM303AGR_MAG_ReadID
                0x0000000008002b28       0x16 Drivers/BSP/Components/lsm303agr/lsm303agr.o
                0x0000000008002b28                LSM303AGR_MAG_ReadID
 *fill*         0x0000000008002b3e        0x2 
 .text.LSM303AGR_MAG_GetOutputDataRate
                0x0000000008002b40       0x5c Drivers/BSP/Components/lsm303agr/lsm303agr.o
                0x0000000008002b40                LSM303AGR_MAG_GetOutputDataRate
 .text.LSM303AGR_MAG_GetAxesRaw
                0x0000000008002b9c       0x30 Drivers/BSP/Components/lsm303agr/lsm303agr.o
                0x0000000008002b9c                LSM303AGR_MAG_GetAxesRaw
 .text.LSM303AGR_MAG_GetAxes
                0x0000000008002bcc       0x74 Drivers/BSP/Components/lsm303agr/lsm303agr.o
                0x0000000008002bcc                LSM303AGR_MAG_GetAxes
 .text.LSM303AGR_ACC_Write_Reg
                0x0000000008002c40       0x24 Drivers/BSP/Components/lsm303agr/lsm303agr.o
                0x0000000008002c40                LSM303AGR_ACC_Write_Reg
 .text.LSM303AGR_ACC_RegisterBusIO
                0x0000000008002c64       0x7c Drivers/BSP/Components/lsm303agr/lsm303agr.o
                0x0000000008002c64                LSM303AGR_ACC_RegisterBusIO
 .text.LSM303AGR_MAG_RegisterBusIO
                0x0000000008002ce0       0x78 Drivers/BSP/Components/lsm303agr/lsm303agr.o
                0x0000000008002ce0                LSM303AGR_MAG_RegisterBusIO
 .text.lsm303agr_read_reg
                0x0000000008002d58        0xa Drivers/BSP/Components/lsm303agr/lsm303agr_reg.o
                0x0000000008002d58                lsm303agr_read_reg
 .text.lsm303agr_write_reg
                0x0000000008002d62        0xa Drivers/BSP/Components/lsm303agr/lsm303agr_reg.o
                0x0000000008002d62                lsm303agr_write_reg
 .text.lsm303agr_xl_operating_mode_get
                0x0000000008002d6c       0x50 Drivers/BSP/Components/lsm303agr/lsm303agr_reg.o
                0x0000000008002d6c                lsm303agr_xl_operating_mode_get
 .text.lsm303agr_xl_data_rate_set
                0x0000000008002dbc       0x38 Drivers/BSP/Components/lsm303agr/lsm303agr_reg.o
                0x0000000008002dbc                lsm303agr_xl_data_rate_set
 .text.lsm303agr_xl_data_rate_get
                0x0000000008002df4       0x6c Drivers/BSP/Components/lsm303agr/lsm303agr_reg.o
                0x0000000008002df4                lsm303agr_xl_data_rate_get
 .text.lsm303agr_xl_full_scale_set
                0x0000000008002e60       0x38 Drivers/BSP/Components/lsm303agr/lsm303agr_reg.o
                0x0000000008002e60                lsm303agr_xl_full_scale_set
 .text.lsm303agr_xl_full_scale_get
                0x0000000008002e98       0x44 Drivers/BSP/Components/lsm303agr/lsm303agr_reg.o
                0x0000000008002e98                lsm303agr_xl_full_scale_get
 .text.lsm303agr_xl_block_data_update_set
                0x0000000008002edc       0x38 Drivers/BSP/Components/lsm303agr/lsm303agr_reg.o
                0x0000000008002edc                lsm303agr_xl_block_data_update_set
 .text.lsm303agr_acceleration_raw_get
                0x0000000008002f14        0xe Drivers/BSP/Components/lsm303agr/lsm303agr_reg.o
                0x0000000008002f14                lsm303agr_acceleration_raw_get
 .text.lsm303agr_mag_operating_mode_set
                0x0000000008002f22       0x38 Drivers/BSP/Components/lsm303agr/lsm303agr_reg.o
                0x0000000008002f22                lsm303agr_mag_operating_mode_set
 .text.lsm303agr_mag_data_rate_set
                0x0000000008002f5a       0x38 Drivers/BSP/Components/lsm303agr/lsm303agr_reg.o
                0x0000000008002f5a                lsm303agr_mag_data_rate_set
 .text.lsm303agr_mag_data_rate_get
                0x0000000008002f92       0x44 Drivers/BSP/Components/lsm303agr/lsm303agr_reg.o
                0x0000000008002f92                lsm303agr_mag_data_rate_get
 .text.lsm303agr_mag_block_data_update_set
                0x0000000008002fd6       0x38 Drivers/BSP/Components/lsm303agr/lsm303agr_reg.o
                0x0000000008002fd6                lsm303agr_mag_block_data_update_set
 .text.lsm303agr_magnetic_raw_get
                0x000000000800300e        0xe Drivers/BSP/Components/lsm303agr/lsm303agr_reg.o
                0x000000000800300e                lsm303agr_magnetic_raw_get
 .text.lsm303agr_xl_device_id_get
                0x000000000800301c        0xe Drivers/BSP/Components/lsm303agr/lsm303agr_reg.o
                0x000000000800301c                lsm303agr_xl_device_id_get
 .text.lsm303agr_mag_device_id_get
                0x000000000800302a        0xe Drivers/BSP/Components/lsm303agr/lsm303agr_reg.o
                0x000000000800302a                lsm303agr_mag_device_id_get
 .text.lsm303agr_mag_self_test_set
                0x0000000008003038       0x38 Drivers/BSP/Components/lsm303agr/lsm303agr_reg.o
                0x0000000008003038                lsm303agr_mag_self_test_set
 .text.lsm303agr_xl_fifo_mode_set
                0x0000000008003070       0x38 Drivers/BSP/Components/lsm303agr/lsm303agr_reg.o
                0x0000000008003070                lsm303agr_xl_fifo_mode_set
 .text.lsm303agr_mag_i2c_interface_set
                0x00000000080030a8       0x38 Drivers/BSP/Components/lsm303agr/lsm303agr_reg.o
                0x00000000080030a8                lsm303agr_mag_i2c_interface_set
 .text.LSM6DSL_GetCapabilities
                0x00000000080030e0       0x28 Drivers/BSP/Components/lsm6dsl/lsm6dsl.o
                0x00000000080030e0                LSM6DSL_GetCapabilities
 .text.LSM6DSL_ACC_SetOutputDataRate_When_Disabled
                0x0000000008003108       0xc8 Drivers/BSP/Components/lsm6dsl/lsm6dsl.o
 .text.LSM6DSL_GYRO_SetOutputDataRate_When_Disabled
                0x00000000080031d0       0xc8 Drivers/BSP/Components/lsm6dsl/lsm6dsl.o
 .text.ReadRegWrap
                0x0000000008003298        0xa Drivers/BSP/Components/lsm6dsl/lsm6dsl.o
 .text.WriteRegWrap
                0x00000000080032a2        0xa Drivers/BSP/Components/lsm6dsl/lsm6dsl.o
 .text.LSM6DSL_ACC_Enable
                0x00000000080032ac       0x30 Drivers/BSP/Components/lsm6dsl/lsm6dsl.o
                0x00000000080032ac                LSM6DSL_ACC_Enable
 .text.LSM6DSL_ACC_SetOutputDataRate_When_Enabled
                0x00000000080032dc       0xd8 Drivers/BSP/Components/lsm6dsl/lsm6dsl.o
 .text.LSM6DSL_ACC_SetOutputDataRate
                0x00000000080033b4       0x1e Drivers/BSP/Components/lsm6dsl/lsm6dsl.o
                0x00000000080033b4                LSM6DSL_ACC_SetOutputDataRate
 .text.LSM6DSL_ACC_SetFullScale
                0x00000000080033d2       0x30 Drivers/BSP/Components/lsm6dsl/lsm6dsl.o
                0x00000000080033d2                LSM6DSL_ACC_SetFullScale
 .text.LSM6DSL_GYRO_Enable
                0x0000000008003402       0x30 Drivers/BSP/Components/lsm6dsl/lsm6dsl.o
                0x0000000008003402                LSM6DSL_GYRO_Enable
 *fill*         0x0000000008003432        0x2 
 .text.LSM6DSL_GYRO_SetOutputDataRate_When_Enabled
                0x0000000008003434       0xd8 Drivers/BSP/Components/lsm6dsl/lsm6dsl.o
 .text.LSM6DSL_GYRO_SetOutputDataRate
                0x000000000800350c       0x1e Drivers/BSP/Components/lsm6dsl/lsm6dsl.o
                0x000000000800350c                LSM6DSL_GYRO_SetOutputDataRate
 .text.LSM6DSL_Init
                0x000000000800352a       0x90 Drivers/BSP/Components/lsm6dsl/lsm6dsl.o
                0x000000000800352a                LSM6DSL_Init
 .text.LSM6DSL_GYRO_SetFullScale
                0x00000000080035ba       0x3c Drivers/BSP/Components/lsm6dsl/lsm6dsl.o
                0x00000000080035ba                LSM6DSL_GYRO_SetFullScale
 .text.LSM6DSL_ReadID
                0x00000000080035f6       0x16 Drivers/BSP/Components/lsm6dsl/lsm6dsl.o
                0x00000000080035f6                LSM6DSL_ReadID
 .text.LSM6DSL_ACC_Disable
                0x000000000800360c       0x40 Drivers/BSP/Components/lsm6dsl/lsm6dsl.o
                0x000000000800360c                LSM6DSL_ACC_Disable
 .text.LSM6DSL_ACC_GetOutputDataRate
                0x000000000800364c       0xb4 Drivers/BSP/Components/lsm6dsl/lsm6dsl.o
                0x000000000800364c                LSM6DSL_ACC_GetOutputDataRate
 .text.LSM6DSL_ACC_GetSensitivity
                0x0000000008003700       0x5c Drivers/BSP/Components/lsm6dsl/lsm6dsl.o
                0x0000000008003700                LSM6DSL_ACC_GetSensitivity
 .text.LSM6DSL_ACC_GetFullScale
                0x000000000800375c       0x4c Drivers/BSP/Components/lsm6dsl/lsm6dsl.o
                0x000000000800375c                LSM6DSL_ACC_GetFullScale
 .text.LSM6DSL_ACC_GetAxesRaw
                0x00000000080037a8       0x30 Drivers/BSP/Components/lsm6dsl/lsm6dsl.o
                0x00000000080037a8                LSM6DSL_ACC_GetAxesRaw
 .text.LSM6DSL_ACC_GetAxes
                0x00000000080037d8       0x80 Drivers/BSP/Components/lsm6dsl/lsm6dsl.o
                0x00000000080037d8                LSM6DSL_ACC_GetAxes
 .text.LSM6DSL_GYRO_Disable
                0x0000000008003858       0x40 Drivers/BSP/Components/lsm6dsl/lsm6dsl.o
                0x0000000008003858                LSM6DSL_GYRO_Disable
 .text.LSM6DSL_DeInit
                0x0000000008003898       0x32 Drivers/BSP/Components/lsm6dsl/lsm6dsl.o
                0x0000000008003898                LSM6DSL_DeInit
 *fill*         0x00000000080038ca        0x2 
 .text.LSM6DSL_GYRO_GetOutputDataRate
                0x00000000080038cc       0xa8 Drivers/BSP/Components/lsm6dsl/lsm6dsl.o
                0x00000000080038cc                LSM6DSL_GYRO_GetOutputDataRate
 .text.LSM6DSL_GYRO_GetSensitivity
                0x0000000008003974       0x6c Drivers/BSP/Components/lsm6dsl/lsm6dsl.o
                0x0000000008003974                LSM6DSL_GYRO_GetSensitivity
 .text.LSM6DSL_GYRO_GetFullScale
                0x00000000080039e0       0x5c Drivers/BSP/Components/lsm6dsl/lsm6dsl.o
                0x00000000080039e0                LSM6DSL_GYRO_GetFullScale
 .text.LSM6DSL_GYRO_GetAxesRaw
                0x0000000008003a3c       0x30 Drivers/BSP/Components/lsm6dsl/lsm6dsl.o
                0x0000000008003a3c                LSM6DSL_GYRO_GetAxesRaw
 .text.LSM6DSL_GYRO_GetAxes
                0x0000000008003a6c       0x7c Drivers/BSP/Components/lsm6dsl/lsm6dsl.o
                0x0000000008003a6c                LSM6DSL_GYRO_GetAxes
 .text.LSM6DSL_Write_Reg
                0x0000000008003ae8       0x24 Drivers/BSP/Components/lsm6dsl/lsm6dsl.o
                0x0000000008003ae8                LSM6DSL_Write_Reg
 .text.LSM6DSL_RegisterBusIO
                0x0000000008003b0c       0x7c Drivers/BSP/Components/lsm6dsl/lsm6dsl.o
                0x0000000008003b0c                LSM6DSL_RegisterBusIO
 .text.lsm6dsl_read_reg
                0x0000000008003b88        0xa Drivers/BSP/Components/lsm6dsl/lsm6dsl_reg.o
                0x0000000008003b88                lsm6dsl_read_reg
 .text.lsm6dsl_write_reg
                0x0000000008003b92        0xa Drivers/BSP/Components/lsm6dsl/lsm6dsl_reg.o
                0x0000000008003b92                lsm6dsl_write_reg
 .text.lsm6dsl_xl_full_scale_set
                0x0000000008003b9c       0x38 Drivers/BSP/Components/lsm6dsl/lsm6dsl_reg.o
                0x0000000008003b9c                lsm6dsl_xl_full_scale_set
 .text.lsm6dsl_xl_full_scale_get
                0x0000000008003bd4       0x44 Drivers/BSP/Components/lsm6dsl/lsm6dsl_reg.o
                0x0000000008003bd4                lsm6dsl_xl_full_scale_get
 .text.lsm6dsl_xl_data_rate_set
                0x0000000008003c18       0x38 Drivers/BSP/Components/lsm6dsl/lsm6dsl_reg.o
                0x0000000008003c18                lsm6dsl_xl_data_rate_set
 .text.lsm6dsl_xl_data_rate_get
                0x0000000008003c50       0x7a Drivers/BSP/Components/lsm6dsl/lsm6dsl_reg.o
                0x0000000008003c50                lsm6dsl_xl_data_rate_get
 .text.lsm6dsl_gy_full_scale_set
                0x0000000008003cca       0x38 Drivers/BSP/Components/lsm6dsl/lsm6dsl_reg.o
                0x0000000008003cca                lsm6dsl_gy_full_scale_set
 .text.lsm6dsl_gy_full_scale_get
                0x0000000008003d02       0x4e Drivers/BSP/Components/lsm6dsl/lsm6dsl_reg.o
                0x0000000008003d02                lsm6dsl_gy_full_scale_get
 .text.lsm6dsl_gy_data_rate_set
                0x0000000008003d50       0x38 Drivers/BSP/Components/lsm6dsl/lsm6dsl_reg.o
                0x0000000008003d50                lsm6dsl_gy_data_rate_set
 .text.lsm6dsl_gy_data_rate_get
                0x0000000008003d88       0x74 Drivers/BSP/Components/lsm6dsl/lsm6dsl_reg.o
                0x0000000008003d88                lsm6dsl_gy_data_rate_get
 .text.lsm6dsl_block_data_update_set
                0x0000000008003dfc       0x38 Drivers/BSP/Components/lsm6dsl/lsm6dsl_reg.o
                0x0000000008003dfc                lsm6dsl_block_data_update_set
 .text.lsm6dsl_angular_rate_raw_get
                0x0000000008003e34        0xe Drivers/BSP/Components/lsm6dsl/lsm6dsl_reg.o
                0x0000000008003e34                lsm6dsl_angular_rate_raw_get
 .text.lsm6dsl_acceleration_raw_get
                0x0000000008003e42        0xe Drivers/BSP/Components/lsm6dsl/lsm6dsl_reg.o
                0x0000000008003e42                lsm6dsl_acceleration_raw_get
 .text.lsm6dsl_device_id_get
                0x0000000008003e50        0xe Drivers/BSP/Components/lsm6dsl/lsm6dsl_reg.o
                0x0000000008003e50                lsm6dsl_device_id_get
 .text.lsm6dsl_auto_increment_set
                0x0000000008003e5e       0x38 Drivers/BSP/Components/lsm6dsl/lsm6dsl_reg.o
                0x0000000008003e5e                lsm6dsl_auto_increment_set
 .text.lsm6dsl_fifo_mode_set
                0x0000000008003e96       0x38 Drivers/BSP/Components/lsm6dsl/lsm6dsl_reg.o
                0x0000000008003e96                lsm6dsl_fifo_mode_set
 *fill*         0x0000000008003ece        0x2 
 .text.HTS221_0_Probe
                0x0000000008003ed0      0x114 Drivers/BSP/IKS01A2/iks01a2_env_sensors.o
 .text.LPS22HB_0_Probe
                0x0000000008003fe4      0x114 Drivers/BSP/IKS01A2/iks01a2_env_sensors.o
 .text.IKS01A2_ENV_SENSOR_Init
                0x00000000080040f8      0x120 Drivers/BSP/IKS01A2/iks01a2_env_sensors.o
                0x00000000080040f8                IKS01A2_ENV_SENSOR_Init
 .text.IKS01A2_ENV_SENSOR_Enable
                0x0000000008004218       0x58 Drivers/BSP/IKS01A2/iks01a2_env_sensors.o
                0x0000000008004218                IKS01A2_ENV_SENSOR_Enable
 .text.IKS01A2_ENV_SENSOR_Disable
                0x0000000008004270       0x58 Drivers/BSP/IKS01A2/iks01a2_env_sensors.o
                0x0000000008004270                IKS01A2_ENV_SENSOR_Disable
 .text.IKS01A2_ENV_SENSOR_GetValue
                0x00000000080042c8       0x5c Drivers/BSP/IKS01A2/iks01a2_env_sensors.o
                0x00000000080042c8                IKS01A2_ENV_SENSOR_GetValue
 .text.LSM6DSL_0_Probe
                0x0000000008004324      0x114 Drivers/BSP/IKS01A2/iks01a2_motion_sensors.o
 .text.LSM303AGR_ACC_0_Probe
                0x0000000008004438       0xf4 Drivers/BSP/IKS01A2/iks01a2_motion_sensors.o
 .text.LSM303AGR_MAG_0_Probe
                0x000000000800452c       0xf4 Drivers/BSP/IKS01A2/iks01a2_motion_sensors.o
 .text.IKS01A2_MOTION_SENSOR_Init
                0x0000000008004620      0x180 Drivers/BSP/IKS01A2/iks01a2_motion_sensors.o
                0x0000000008004620                IKS01A2_MOTION_SENSOR_Init
 .text.IKS01A2_MOTION_SENSOR_Enable
                0x00000000080047a0       0x58 Drivers/BSP/IKS01A2/iks01a2_motion_sensors.o
                0x00000000080047a0                IKS01A2_MOTION_SENSOR_Enable
 .text.IKS01A2_MOTION_SENSOR_Disable
                0x00000000080047f8       0x58 Drivers/BSP/IKS01A2/iks01a2_motion_sensors.o
                0x00000000080047f8                IKS01A2_MOTION_SENSOR_Disable
 .text.IKS01A2_MOTION_SENSOR_GetAxes
                0x0000000008004850       0x5c Drivers/BSP/IKS01A2/iks01a2_motion_sensors.o
                0x0000000008004850                IKS01A2_MOTION_SENSOR_GetAxes
 .text.IKS01A2_MOTION_SENSOR_SetOutputDataRate
                0x00000000080048ac       0x5c Drivers/BSP/IKS01A2/iks01a2_motion_sensors.o
                0x00000000080048ac                IKS01A2_MOTION_SENSOR_SetOutputDataRate
 .text.IKS01A2_MOTION_SENSOR_SetFullScale
                0x0000000008004908       0x5c Drivers/BSP/IKS01A2/iks01a2_motion_sensors.o
                0x0000000008004908                IKS01A2_MOTION_SENSOR_SetFullScale
 .text.USART2_MspInit
                0x0000000008004964       0x98 Drivers/BSP/STM32F4xx_Nucleo/stm32f4xx_nucleo.o
 .text.BSP_LED_Init
                0x00000000080049fc       0x4c Drivers/BSP/STM32F4xx_Nucleo/stm32f4xx_nucleo.o
                0x00000000080049fc                BSP_LED_Init
 .text.BSP_LED_On
                0x0000000008004a48       0x14 Drivers/BSP/STM32F4xx_Nucleo/stm32f4xx_nucleo.o
                0x0000000008004a48                BSP_LED_On
 .text.BSP_LED_Off
                0x0000000008004a5c       0x14 Drivers/BSP/STM32F4xx_Nucleo/stm32f4xx_nucleo.o
                0x0000000008004a5c                BSP_LED_Off
 .text.MX_USART2_UART_Init
                0x0000000008004a70       0x30 Drivers/BSP/STM32F4xx_Nucleo/stm32f4xx_nucleo.o
                0x0000000008004a70                MX_USART2_UART_Init
 .text.BSP_COM_Init
                0x0000000008004aa0       0x38 Drivers/BSP/STM32F4xx_Nucleo/stm32f4xx_nucleo.o
                0x0000000008004aa0                BSP_COM_Init
 .text.HAL_InitTick
                0x0000000008004ad8       0x4c Drivers/STM32F4xx_HAL_Driver/Src/stm32f4xx_hal.o
                0x0000000008004ad8                HAL_InitTick
 .text.HAL_Init
                0x0000000008004b24       0x34 Drivers/STM32F4xx_HAL_Driver/Src/stm32f4xx_hal.o
                0x0000000008004b24                HAL_Init
 .text.HAL_IncTick
                0x0000000008004b58       0x18 Drivers/STM32F4xx_HAL_Driver/Src/stm32f4xx_hal.o
                0x0000000008004b58                HAL_IncTick
 .text.HAL_GetTick
                0x0000000008004b70        0xc Drivers/STM32F4xx_HAL_Driver/Src/stm32f4xx_hal.o
                0x0000000008004b70                HAL_GetTick
 .text.HAL_Delay
                0x0000000008004b7c       0x28 Drivers/STM32F4xx_HAL_Driver/Src/stm32f4xx_hal.o
                0x0000000008004b7c                HAL_Delay
 .text.HAL_NVIC_SetPriorityGrouping
                0x0000000008004ba4       0x24 Drivers/STM32F4xx_HAL_Driver/Src/stm32f4xx_hal_cortex.o
                0x0000000008004ba4                HAL_NVIC_SetPriorityGrouping
 .text.HAL_NVIC_SetPriority
                0x0000000008004bc8       0x68 Drivers/STM32F4xx_HAL_Driver/Src/stm32f4xx_hal_cortex.o
                0x0000000008004bc8                HAL_NVIC_SetPriority
 .text.HAL_NVIC_EnableIRQ
                0x0000000008004c30       0x1c Drivers/STM32F4xx_HAL_Driver/Src/stm32f4xx_hal_cortex.o
                0x0000000008004c30                HAL_NVIC_EnableIRQ
 .text.HAL_SYSTICK_Config
                0x0000000008004c4c       0x2c Drivers/STM32F4xx_HAL_Driver/Src/stm32f4xx_hal_cortex.o
                0x0000000008004c4c                HAL_SYSTICK_Config
 .text.HAL_CRC_Init
                0x0000000008004c78       0x1e Drivers/STM32F4xx_HAL_Driver/Src/stm32f4xx_hal_crc.o
                0x0000000008004c78                HAL_CRC_Init
 .text.DMA_SetConfig
                0x0000000008004c96       0x2c Drivers/STM32F4xx_HAL_Driver/Src/stm32f4xx_hal_dma.o
 *fill*         0x0000000008004cc2        0x2 
 .text.DMA_CalcBaseAndBitshift
                0x0000000008004cc4       0x3c Drivers/STM32F4xx_HAL_Driver/Src/stm32f4xx_hal_dma.o
 .text.DMA_CheckFifoParam
                0x0000000008004d00       0x8e Drivers/STM32F4xx_HAL_Driver/Src/stm32f4xx_hal_dma.o
 *fill*         0x0000000008004d8e        0x2 
 .text.HAL_DMA_Init
                0x0000000008004d90       0xcc Drivers/STM32F4xx_HAL_Driver/Src/stm32f4xx_hal_dma.o
                0x0000000008004d90                HAL_DMA_Init
 .text.HAL_DMA_Start_IT
                0x0000000008004e5c       0x6a Drivers/STM32F4xx_HAL_Driver/Src/stm32f4xx_hal_dma.o
                0x0000000008004e5c                HAL_DMA_Start_IT
 *fill*         0x0000000008004ec6        0x2 
 .text.HAL_DMA_IRQHandler
                0x0000000008004ec8      0x1dc Drivers/STM32F4xx_HAL_Driver/Src/stm32f4xx_hal_dma.o
                0x0000000008004ec8                HAL_DMA_IRQHandler
 .text.HAL_EXTI_IRQHandler
                0x00000000080050a4       0x24 Drivers/STM32F4xx_HAL_Driver/Src/stm32f4xx_hal_exti.o
                0x00000000080050a4                HAL_EXTI_IRQHandler
 .text.HAL_GPIO_Init
                0x00000000080050c8      0x1bc Drivers/STM32F4xx_HAL_Driver/Src/stm32f4xx_hal_gpio.o
                0x00000000080050c8                HAL_GPIO_Init
 .text.HAL_GPIO_DeInit
                0x0000000008005284      0x11c Drivers/STM32F4xx_HAL_Driver/Src/stm32f4xx_hal_gpio.o
                0x0000000008005284                HAL_GPIO_DeInit
 .text.HAL_GPIO_WritePin
                0x00000000080053a0        0xc Drivers/STM32F4xx_HAL_Driver/Src/stm32f4xx_hal_gpio.o
                0x00000000080053a0                HAL_GPIO_WritePin
 .text.I2C_IsAcknowledgeFailed
                0x00000000080053ac       0x32 Drivers/STM32F4xx_HAL_Driver/Src/stm32f4xx_hal_i2c.o
 .text.I2C_WaitOnFlagUntilTimeout
                0x00000000080053de       0x70 Drivers/STM32F4xx_HAL_Driver/Src/stm32f4xx_hal_i2c.o
 .text.I2C_WaitOnMasterAddressFlagUntilTimeout
                0x000000000800544e       0xa4 Drivers/STM32F4xx_HAL_Driver/Src/stm32f4xx_hal_i2c.o
 .text.I2C_WaitOnTXEFlagUntilTimeout
                0x00000000080054f2       0x54 Drivers/STM32F4xx_HAL_Driver/Src/stm32f4xx_hal_i2c.o
 *fill*         0x0000000008005546        0x2 
 .text.I2C_RequestMemoryWrite
                0x0000000008005548       0xdc Drivers/STM32F4xx_HAL_Driver/Src/stm32f4xx_hal_i2c.o
 .text.I2C_RequestMemoryRead
                0x0000000008005624      0x160 Drivers/STM32F4xx_HAL_Driver/Src/stm32f4xx_hal_i2c.o
 .text.I2C_WaitOnBTFFlagUntilTimeout
                0x0000000008005784       0x54 Drivers/STM32F4xx_HAL_Driver/Src/stm32f4xx_hal_i2c.o
 .text.I2C_WaitOnRXNEFlagUntilTimeout
                0x00000000080057d8       0x6a Drivers/STM32F4xx_HAL_Driver/Src/stm32f4xx_hal_i2c.o
 .text.HAL_I2C_MspInit
                0x0000000008005842        0x2 Drivers/STM32F4xx_HAL_Driver/Src/stm32f4xx_hal_i2c.o
                0x0000000008005842                HAL_I2C_MspInit
 .text.HAL_I2C_Init
                0x0000000008005844      0x1b4 Drivers/STM32F4xx_HAL_Driver/Src/stm32f4xx_hal_i2c.o
                0x0000000008005844                HAL_I2C_Init
 .text.HAL_I2C_MspDeInit
                0x00000000080059f8        0x2 Drivers/STM32F4xx_HAL_Driver/Src/stm32f4xx_hal_i2c.o
                0x00000000080059f8                HAL_I2C_MspDeInit
 .text.HAL_I2C_DeInit
                0x00000000080059fa       0x32 Drivers/STM32F4xx_HAL_Driver/Src/stm32f4xx_hal_i2c.o
                0x00000000080059fa                HAL_I2C_DeInit
 .text.HAL_I2C_Mem_Write
                0x0000000008005a2c      0x168 Drivers/STM32F4xx_HAL_Driver/Src/stm32f4xx_hal_i2c.o
                0x0000000008005a2c                HAL_I2C_Mem_Write
 .text.HAL_I2C_Mem_Read
                0x0000000008005b94      0x2d0 Drivers/STM32F4xx_HAL_Driver/Src/stm32f4xx_hal_i2c.o
                0x0000000008005b94                HAL_I2C_Mem_Read
 .text.HAL_I2C_GetState
                0x0000000008005e64        0x6 Drivers/STM32F4xx_HAL_Driver/Src/stm32f4xx_hal_i2c.o
                0x0000000008005e64                HAL_I2C_GetState
 .text.HAL_I2C_GetError
                0x0000000008005e6a        0x4 Drivers/STM32F4xx_HAL_Driver/Src/stm32f4xx_hal_i2c.o
                0x0000000008005e6a                HAL_I2C_GetError
 *fill*         0x0000000008005e6e        0x2 
 .text.HAL_RCC_ClockConfig
                0x0000000008005e70      0x160 Drivers/STM32F4xx_HAL_Driver/Src/stm32f4xx_hal_rcc.o
                0x0000000008005e70                HAL_RCC_ClockConfig
 .text.HAL_RCC_GetHCLKFreq
                0x0000000008005fd0        0xc Drivers/STM32F4xx_HAL_Driver/Src/stm32f4xx_hal_rcc.o
                0x0000000008005fd0                HAL_RCC_GetHCLKFreq
 .text.HAL_RCC_GetPCLK1Freq
                0x0000000008005fdc       0x20 Drivers/STM32F4xx_HAL_Driver/Src/stm32f4xx_hal_rcc.o
                0x0000000008005fdc                HAL_RCC_GetPCLK1Freq
 .text.HAL_RCC_GetPCLK2Freq
                0x0000000008005ffc       0x20 Drivers/STM32F4xx_HAL_Driver/Src/stm32f4xx_hal_rcc.o
                0x0000000008005ffc                HAL_RCC_GetPCLK2Freq
 .text.HAL_RCCEx_PeriphCLKConfig
                0x000000000800601c      0x47c Drivers/STM32F4xx_HAL_Driver/Src/stm32f4xx_hal_rcc_ex.o
                0x000000000800601c                HAL_RCCEx_PeriphCLKConfig
 .text.HAL_RCC_GetSysClockFreq
                0x0000000008006498      0x124 Drivers/STM32F4xx_HAL_Driver/Src/stm32f4xx_hal_rcc_ex.o
                0x0000000008006498                HAL_RCC_GetSysClockFreq
 .text.HAL_RCC_OscConfig
                0x00000000080065bc      0x3c4 Drivers/STM32F4xx_HAL_Driver/Src/stm32f4xx_hal_rcc_ex.o
                0x00000000080065bc                HAL_RCC_OscConfig
 .text.HAL_RTC_WaitForSynchro
                0x0000000008006980       0x32 Drivers/STM32F4xx_HAL_Driver/Src/stm32f4xx_hal_rtc.o
                0x0000000008006980                HAL_RTC_WaitForSynchro
 .text.RTC_EnterInitMode
                0x00000000080069b2       0x3c Drivers/STM32F4xx_HAL_Driver/Src/stm32f4xx_hal_rtc.o
                0x00000000080069b2                RTC_EnterInitMode
 .text.HAL_RTC_Init
                0x00000000080069ee       0xc4 Drivers/STM32F4xx_HAL_Driver/Src/stm32f4xx_hal_rtc.o
                0x00000000080069ee                HAL_RTC_Init
 .text.RTC_ByteToBcd2
                0x0000000008006ab2       0x16 Drivers/STM32F4xx_HAL_Driver/Src/stm32f4xx_hal_rtc.o
                0x0000000008006ab2                RTC_ByteToBcd2
 .text.HAL_RTC_SetTime
                0x0000000008006ac8       0xfe Drivers/STM32F4xx_HAL_Driver/Src/stm32f4xx_hal_rtc.o
                0x0000000008006ac8                HAL_RTC_SetTime
 .text.HAL_RTC_SetDate
                0x0000000008006bc6       0xda Drivers/STM32F4xx_HAL_Driver/Src/stm32f4xx_hal_rtc.o
                0x0000000008006bc6                HAL_RTC_SetDate
 .text.RTC_Bcd2ToByte
                0x0000000008006ca0       0x12 Drivers/STM32F4xx_HAL_Driver/Src/stm32f4xx_hal_rtc.o
                0x0000000008006ca0                RTC_Bcd2ToByte
 .text.HAL_RTC_GetTime
                0x0000000008006cb2       0x56 Drivers/STM32F4xx_HAL_Driver/Src/stm32f4xx_hal_rtc.o
                0x0000000008006cb2                HAL_RTC_GetTime
 .text.HAL_RTC_GetDate
                0x0000000008006d08       0x42 Drivers/STM32F4xx_HAL_Driver/Src/stm32f4xx_hal_rtc.o
                0x0000000008006d08                HAL_RTC_GetDate
 .text.TIM_TI1_ConfigInputStage
                0x0000000008006d4a       0x26 Drivers/STM32F4xx_HAL_Driver/Src/stm32f4xx_hal_tim.o
 .text.TIM_TI2_ConfigInputStage
                0x0000000008006d70       0x28 Drivers/STM32F4xx_HAL_Driver/Src/stm32f4xx_hal_tim.o
 .text.TIM_ITRx_SetConfig
                0x0000000008006d98       0x10 Drivers/STM32F4xx_HAL_Driver/Src/stm32f4xx_hal_tim.o
 .text.HAL_TIM_Base_Start_IT
                0x0000000008006da8       0x22 Drivers/STM32F4xx_HAL_Driver/Src/stm32f4xx_hal_tim.o
                0x0000000008006da8                HAL_TIM_Base_Start_IT
 .text.HAL_TIM_Base_Stop_IT
                0x0000000008006dca       0x2c Drivers/STM32F4xx_HAL_Driver/Src/stm32f4xx_hal_tim.o
                0x0000000008006dca                HAL_TIM_Base_Stop_IT
 .text.HAL_TIM_OC_DelayElapsedCallback
                0x0000000008006df6        0x2 Drivers/STM32F4xx_HAL_Driver/Src/stm32f4xx_hal_tim.o
                0x0000000008006df6                HAL_TIM_OC_DelayElapsedCallback
 .text.HAL_TIM_IC_CaptureCallback
                0x0000000008006df8        0x2 Drivers/STM32F4xx_HAL_Driver/Src/stm32f4xx_hal_tim.o
                0x0000000008006df8                HAL_TIM_IC_CaptureCallback
 .text.HAL_TIM_PWM_PulseFinishedCallback
                0x0000000008006dfa        0x2 Drivers/STM32F4xx_HAL_Driver/Src/stm32f4xx_hal_tim.o
                0x0000000008006dfa                HAL_TIM_PWM_PulseFinishedCallback
 .text.HAL_TIM_TriggerCallback
                0x0000000008006dfc        0x2 Drivers/STM32F4xx_HAL_Driver/Src/stm32f4xx_hal_tim.o
                0x0000000008006dfc                HAL_TIM_TriggerCallback
 .text.HAL_TIM_IRQHandler
                0x0000000008006dfe      0x17a Drivers/STM32F4xx_HAL_Driver/Src/stm32f4xx_hal_tim.o
                0x0000000008006dfe                HAL_TIM_IRQHandler
 .text.TIM_Base_SetConfig
                0x0000000008006f78       0xc8 Drivers/STM32F4xx_HAL_Driver/Src/stm32f4xx_hal_tim.o
                0x0000000008006f78                TIM_Base_SetConfig
 .text.HAL_TIM_Base_Init
                0x0000000008007040       0x32 Drivers/STM32F4xx_HAL_Driver/Src/stm32f4xx_hal_tim.o
                0x0000000008007040                HAL_TIM_Base_Init
 .text.TIM_ETR_SetConfig
                0x0000000008007072       0x18 Drivers/STM32F4xx_HAL_Driver/Src/stm32f4xx_hal_tim.o
                0x0000000008007072                TIM_ETR_SetConfig
 .text.HAL_TIM_ConfigClockSource
                0x000000000800708a       0xda Drivers/STM32F4xx_HAL_Driver/Src/stm32f4xx_hal_tim.o
                0x000000000800708a                HAL_TIM_ConfigClockSource
 .text.HAL_TIMEx_MasterConfigSynchronization
                0x0000000008007164       0x88 Drivers/STM32F4xx_HAL_Driver/Src/stm32f4xx_hal_tim_ex.o
                0x0000000008007164                HAL_TIMEx_MasterConfigSynchronization
 .text.HAL_TIMEx_CommutCallback
                0x00000000080071ec        0x2 Drivers/STM32F4xx_HAL_Driver/Src/stm32f4xx_hal_tim_ex.o
                0x00000000080071ec                HAL_TIMEx_CommutCallback
 .text.HAL_TIMEx_BreakCallback
                0x00000000080071ee        0x2 Drivers/STM32F4xx_HAL_Driver/Src/stm32f4xx_hal_tim_ex.o
                0x00000000080071ee                HAL_TIMEx_BreakCallback
 .text.UART_EndTxTransfer
                0x00000000080071f0       0x12 Drivers/STM32F4xx_HAL_Driver/Src/stm32f4xx_hal_uart.o
 .text.UART_EndRxTransfer
                0x0000000008007202       0x1c Drivers/STM32F4xx_HAL_Driver/Src/stm32f4xx_hal_uart.o
 *fill*         0x000000000800721e        0x2 
 .text.UART_SetConfig
                0x0000000008007220      0x218 Drivers/STM32F4xx_HAL_Driver/Src/stm32f4xx_hal_uart.o
 .text.UART_WaitOnFlagUntilTimeout
                0x0000000008007438       0x62 Drivers/STM32F4xx_HAL_Driver/Src/stm32f4xx_hal_uart.o
 .text.HAL_UART_MspInit
                0x000000000800749a        0x2 Drivers/STM32F4xx_HAL_Driver/Src/stm32f4xx_hal_uart.o
                0x000000000800749a                HAL_UART_MspInit
 .text.HAL_UART_Init
                0x000000000800749c       0x5e Drivers/STM32F4xx_HAL_Driver/Src/stm32f4xx_hal_uart.o
                0x000000000800749c                HAL_UART_Init
 .text.HAL_UART_Transmit
                0x00000000080074fa       0xe2 Drivers/STM32F4xx_HAL_Driver/Src/stm32f4xx_hal_uart.o
                0x00000000080074fa                HAL_UART_Transmit
 .text.HAL_UART_Receive_DMA
                0x00000000080075dc       0xa8 Drivers/STM32F4xx_HAL_Driver/Src/stm32f4xx_hal_uart.o
                0x00000000080075dc                HAL_UART_Receive_DMA
 .text.HAL_UART_RxCpltCallback
                0x0000000008007684        0x2 Drivers/STM32F4xx_HAL_Driver/Src/stm32f4xx_hal_uart.o
                0x0000000008007684                HAL_UART_RxCpltCallback
 .text.UART_DMAReceiveCplt
                0x0000000008007686       0x3e Drivers/STM32F4xx_HAL_Driver/Src/stm32f4xx_hal_uart.o
 .text.HAL_UART_RxHalfCpltCallback
                0x00000000080076c4        0x2 Drivers/STM32F4xx_HAL_Driver/Src/stm32f4xx_hal_uart.o
                0x00000000080076c4                HAL_UART_RxHalfCpltCallback
 .text.UART_DMARxHalfCplt
                0x00000000080076c6        0xa Drivers/STM32F4xx_HAL_Driver/Src/stm32f4xx_hal_uart.o
 .text.HAL_UART_ErrorCallback
                0x00000000080076d0        0x2 Drivers/STM32F4xx_HAL_Driver/Src/stm32f4xx_hal_uart.o
                0x00000000080076d0                HAL_UART_ErrorCallback
 .text.UART_DMAError
                0x00000000080076d2       0x58 Drivers/STM32F4xx_HAL_Driver/Src/stm32f4xx_hal_uart.o
 *fill*         0x000000000800772a        0x2 
 .text.DWT_Init
                0x000000000800772c       0x20 MEMS/App/app_mems.o
 .text.DWT_Start
                0x000000000800774c       0x14 MEMS/App/app_mems.o
 .text.DWT_Stop
                0x0000000008007760       0x38 MEMS/App/app_mems.o
 .text.TIM_Config
                0x0000000008007798       0x44 MEMS/App/app_mems.o
 .text.Init_Sensors
                0x00000000080077dc       0x2c MEMS/App/app_mems.o
 .text.MX_DataLogFusion_Init
                0x0000000008007808       0xb4 MEMS/App/app_mems.o
 .text.RTC_Handler
                0x00000000080078bc       0x4c MEMS/App/app_mems.o
 .text.Accelero_Sensor_Handler
                0x0000000008007908       0x74 MEMS/App/app_mems.o
 .text.Gyro_Sensor_Handler
                0x000000000800797c       0x74 MEMS/App/app_mems.o
 .text.Magneto_Sensor_Handler
                0x00000000080079f0      0x148 MEMS/App/app_mems.o
 .text.Humidity_Sensor_Handler
                0x0000000008007b38       0x50 MEMS/App/app_mems.o
 .text.Temperature_Sensor_Handler
                0x0000000008007b88       0x50 MEMS/App/app_mems.o
 .text.Pressure_Sensor_Handler
                0x0000000008007bd8       0x50 MEMS/App/app_mems.o
 .text.FX_Data_Handler
                0x0000000008007c28      0x1bc MEMS/App/app_mems.o
 .text.MX_DataLogFusion_Process
                0x0000000008007de4       0xf8 MEMS/App/app_mems.o
 .text.MX_MEMS_Init
                0x0000000008007edc        0x8 MEMS/App/app_mems.o
                0x0000000008007edc                MX_MEMS_Init
 .text.MX_MEMS_Process
                0x0000000008007ee4        0x8 MEMS/App/app_mems.o
                0x0000000008007ee4                MX_MEMS_Process
 .text.HAL_TIM_PeriodElapsedCallback
                0x0000000008007eec       0x1c MEMS/App/app_mems.o
                0x0000000008007eec                HAL_TIM_PeriodElapsedCallback
 .text.Get_DMA_Flag_Status
                0x0000000008007f08      0x2d4 MEMS/Target/com.o
 .text.Get_DMA_Counter
                0x00000000080081dc        0x6 MEMS/Target/com.o
 *fill*         0x00000000080081e2        0x2 
 .text.UART_ReceivedMSG
                0x00000000080081e4       0xf0 MEMS/Target/com.o
                0x00000000080081e4                UART_ReceivedMSG
 .text.UART_SendMsg
                0x00000000080082d4       0x2c MEMS/Target/com.o
                0x00000000080082d4                UART_SendMsg
 .text.UART_StartReceiveMsg
                0x0000000008008300       0x20 MEMS/Target/com.o
                0x0000000008008300                UART_StartReceiveMsg
 .text.BUILD_REPLY_HEADER
                0x0000000008008320       0x10 MEMS/Target/demo_serial.o
                0x0000000008008320                BUILD_REPLY_HEADER
 .text.INIT_STREAMING_HEADER
                0x0000000008008330       0x18 MEMS/Target/demo_serial.o
                0x0000000008008330                INIT_STREAMING_HEADER
 .text.RTC_DateRegulate
                0x0000000008008348       0x30 MEMS/Target/demo_serial.o
                0x0000000008008348                RTC_DateRegulate
 .text.RTC_TimeRegulate
                0x0000000008008378       0x38 MEMS/Target/demo_serial.o
                0x0000000008008378                RTC_TimeRegulate
 .text.Get_PresentationString
                0x00000000080083b0       0x48 MEMS/Target/demo_serial.o
                0x00000000080083b0                Get_PresentationString
 .text.HandleMSG
                0x00000000080083f8      0x560 MEMS/Target/demo_serial.o
                0x00000000080083f8                HandleMSG
 .text.BSP_SENSOR_ACC_Init
                0x0000000008008958        0xc MEMS/Target/iks01a2_mems_control.o
                0x0000000008008958                BSP_SENSOR_ACC_Init
 .text.BSP_SENSOR_GYR_Init
                0x0000000008008964        0xc MEMS/Target/iks01a2_mems_control.o
                0x0000000008008964                BSP_SENSOR_GYR_Init
 .text.BSP_SENSOR_MAG_Init
                0x0000000008008970        0xc MEMS/Target/iks01a2_mems_control.o
                0x0000000008008970                BSP_SENSOR_MAG_Init
 .text.BSP_SENSOR_PRESS_Init
                0x000000000800897c        0xc MEMS/Target/iks01a2_mems_control.o
                0x000000000800897c                BSP_SENSOR_PRESS_Init
 .text.BSP_SENSOR_TEMP_Init
                0x0000000008008988        0xc MEMS/Target/iks01a2_mems_control.o
                0x0000000008008988                BSP_SENSOR_TEMP_Init
 .text.BSP_SENSOR_HUM_Init
                0x0000000008008994        0xc MEMS/Target/iks01a2_mems_control.o
                0x0000000008008994                BSP_SENSOR_HUM_Init
 .text.BSP_SENSOR_ACC_Enable
                0x00000000080089a0        0xc MEMS/Target/iks01a2_mems_control.o
                0x00000000080089a0                BSP_SENSOR_ACC_Enable
 .text.BSP_SENSOR_GYR_Enable
                0x00000000080089ac        0xc MEMS/Target/iks01a2_mems_control.o
                0x00000000080089ac                BSP_SENSOR_GYR_Enable
 .text.BSP_SENSOR_MAG_Enable
                0x00000000080089b8        0xc MEMS/Target/iks01a2_mems_control.o
                0x00000000080089b8                BSP_SENSOR_MAG_Enable
 .text.BSP_SENSOR_PRESS_Enable
                0x00000000080089c4        0xc MEMS/Target/iks01a2_mems_control.o
                0x00000000080089c4                BSP_SENSOR_PRESS_Enable
 .text.BSP_SENSOR_TEMP_Enable
                0x00000000080089d0        0xc MEMS/Target/iks01a2_mems_control.o
                0x00000000080089d0                BSP_SENSOR_TEMP_Enable
 .text.BSP_SENSOR_HUM_Enable
                0x00000000080089dc        0xc MEMS/Target/iks01a2_mems_control.o
                0x00000000080089dc                BSP_SENSOR_HUM_Enable
 .text.BSP_SENSOR_ACC_Disable
                0x00000000080089e8        0xc MEMS/Target/iks01a2_mems_control.o
                0x00000000080089e8                BSP_SENSOR_ACC_Disable
 .text.BSP_SENSOR_GYR_Disable
                0x00000000080089f4        0xc MEMS/Target/iks01a2_mems_control.o
                0x00000000080089f4                BSP_SENSOR_GYR_Disable
 .text.BSP_SENSOR_MAG_Disable
                0x0000000008008a00        0xc MEMS/Target/iks01a2_mems_control.o
                0x0000000008008a00                BSP_SENSOR_MAG_Disable
 .text.BSP_SENSOR_PRESS_Disable
                0x0000000008008a0c        0xc MEMS/Target/iks01a2_mems_control.o
                0x0000000008008a0c                BSP_SENSOR_PRESS_Disable
 .text.BSP_SENSOR_TEMP_Disable
                0x0000000008008a18        0xc MEMS/Target/iks01a2_mems_control.o
                0x0000000008008a18                BSP_SENSOR_TEMP_Disable
 .text.BSP_SENSOR_HUM_Disable
                0x0000000008008a24        0xc MEMS/Target/iks01a2_mems_control.o
                0x0000000008008a24                BSP_SENSOR_HUM_Disable
 .text.BSP_SENSOR_ACC_GetAxes
                0x0000000008008a30        0xe MEMS/Target/iks01a2_mems_control.o
                0x0000000008008a30                BSP_SENSOR_ACC_GetAxes
 .text.BSP_SENSOR_GYR_GetAxes
                0x0000000008008a3e        0xe MEMS/Target/iks01a2_mems_control.o
                0x0000000008008a3e                BSP_SENSOR_GYR_GetAxes
 .text.BSP_SENSOR_MAG_GetAxes
                0x0000000008008a4c        0xe MEMS/Target/iks01a2_mems_control.o
                0x0000000008008a4c                BSP_SENSOR_MAG_GetAxes
 .text.BSP_SENSOR_PRESS_GetValue
                0x0000000008008a5a        0xe MEMS/Target/iks01a2_mems_control.o
                0x0000000008008a5a                BSP_SENSOR_PRESS_GetValue
 .text.BSP_SENSOR_TEMP_GetValue
                0x0000000008008a68        0xe MEMS/Target/iks01a2_mems_control.o
                0x0000000008008a68                BSP_SENSOR_TEMP_GetValue
 .text.BSP_SENSOR_HUM_GetValue
                0x0000000008008a76        0xe MEMS/Target/iks01a2_mems_control.o
                0x0000000008008a76                BSP_SENSOR_HUM_GetValue
 .text.BSP_SENSOR_ACC_SetOutputDataRate
                0x0000000008008a84        0xe MEMS/Target/iks01a2_mems_control.o
                0x0000000008008a84                BSP_SENSOR_ACC_SetOutputDataRate
 .text.BSP_SENSOR_ACC_SetFullScale
                0x0000000008008a92        0xe MEMS/Target/iks01a2_mems_control.o
                0x0000000008008a92                BSP_SENSOR_ACC_SetFullScale
 .text.BSP_SENSOR_ACC_GetOrientation
                0x0000000008008aa0        0xe MEMS/Target/iks01a2_mems_control_ex.o
                0x0000000008008aa0                BSP_SENSOR_ACC_GetOrientation
 .text.BSP_SENSOR_GYR_GetOrientation
                0x0000000008008aae        0xe MEMS/Target/iks01a2_mems_control_ex.o
                0x0000000008008aae                BSP_SENSOR_GYR_GetOrientation
 .text.BSP_SENSOR_MAG_GetOrientation
                0x0000000008008abc        0xe MEMS/Target/iks01a2_mems_control_ex.o
                0x0000000008008abc                BSP_SENSOR_MAG_GetOrientation
 *fill*         0x0000000008008aca        0x2 
 .text.MotionFX_manager_init
                0x0000000008008acc       0x68 MEMS/Target/motion_fx_manager.o
                0x0000000008008acc                MotionFX_manager_init
 .text.MotionFX_manager_run
                0x0000000008008b34       0x40 MEMS/Target/motion_fx_manager.o
                0x0000000008008b34                MotionFX_manager_run
 .text.MotionFX_manager_start_6X
                0x0000000008008b74        0xa MEMS/Target/motion_fx_manager.o
                0x0000000008008b74                MotionFX_manager_start_6X
 .text.MotionFX_manager_stop_6X
                0x0000000008008b7e        0xa MEMS/Target/motion_fx_manager.o
                0x0000000008008b7e                MotionFX_manager_stop_6X
 .text.MotionFX_manager_start_9X
                0x0000000008008b88        0xa MEMS/Target/motion_fx_manager.o
                0x0000000008008b88                MotionFX_manager_start_9X
 .text.MotionFX_manager_stop_9X
                0x0000000008008b92        0xa MEMS/Target/motion_fx_manager.o
                0x0000000008008b92                MotionFX_manager_stop_9X
 .text.MotionFX_manager_get_version
                0x0000000008008b9c        0xc MEMS/Target/motion_fx_manager.o
                0x0000000008008b9c                MotionFX_manager_get_version
 .text.MotionFX_manager_MagCal_run
                0x0000000008008ba8       0x10 MEMS/Target/motion_fx_manager.o
                0x0000000008008ba8                MotionFX_manager_MagCal_run
 .text.MotionFX_manager_MagCal_start
                0x0000000008008bb8        0xa MEMS/Target/motion_fx_manager.o
                0x0000000008008bb8                MotionFX_manager_MagCal_start
 .text.MotionFX_manager_MagCal_stop
                0x0000000008008bc2        0xa MEMS/Target/motion_fx_manager.o
                0x0000000008008bc2                MotionFX_manager_MagCal_stop
 .text.MotionFX_LoadMagCalFromNVM
                0x0000000008008bcc        0x4 MEMS/Target/motion_fx_manager.o
                0x0000000008008bcc                MotionFX_LoadMagCalFromNVM
 .text.MotionFX_SaveMagCalInNVM
                0x0000000008008bd0        0x4 MEMS/Target/motion_fx_manager.o
                0x0000000008008bd0                MotionFX_SaveMagCalInNVM
 .text.ByteStuffCopyByte
                0x0000000008008bd4       0x24 MEMS/Target/serial_protocol.o
                0x0000000008008bd4                ByteStuffCopyByte
 .text.ByteStuffCopy
                0x0000000008008bf8       0x28 MEMS/Target/serial_protocol.o
                0x0000000008008bf8                ByteStuffCopy
 .text.ReverseByteStuffCopyByte2
                0x0000000008008c20       0x26 MEMS/Target/serial_protocol.o
                0x0000000008008c20                ReverseByteStuffCopyByte2
 .text.CHK_ComputeAndAdd
                0x0000000008008c46       0x20 MEMS/Target/serial_protocol.o
                0x0000000008008c46                CHK_ComputeAndAdd
 .text.CHK_CheckAndRemove
                0x0000000008008c66       0x22 MEMS/Target/serial_protocol.o
                0x0000000008008c66                CHK_CheckAndRemove
 .text.Deserialize
                0x0000000008008c88       0x16 MEMS/Target/serial_protocol.o
                0x0000000008008c88                Deserialize
 .text.Serialize_s32
                0x0000000008008c9e       0x10 MEMS/Target/serial_protocol.o
                0x0000000008008c9e                Serialize_s32
 *fill*         0x0000000008008cae        0x2 
 .text.m_mldivide
                0x0000000008008cb0      0x37c C:\Users\Szczena\Desktop\PROJECTS\Embedded\EmbeddedSystemsProject\IMU_Visualization_Microcontroller\Middlewares\ST\STM32_MotionFX_Library\Lib\libMotionFX_CM4F_wc32_ot.a(motion_fx.o)
 .text.m_qmult_eml
                0x000000000800902c       0x80 C:\Users\Szczena\Desktop\PROJECTS\Embedded\EmbeddedSystemsProject\IMU_Visualization_Microcontroller\Middlewares\ST\STM32_MotionFX_Library\Lib\libMotionFX_CM4F_wc32_ot.a(motion_fx.o)
 .text.m_q2dcm_eml
                0x00000000080090ac       0xd4 C:\Users\Szczena\Desktop\PROJECTS\Embedded\EmbeddedSystemsProject\IMU_Visualization_Microcontroller\Middlewares\ST\STM32_MotionFX_Library\Lib\libMotionFX_CM4F_wc32_ot.a(motion_fx.o)
 .text.MEMS_EmptyDataFrame
                0x0000000008009180        0x8 C:\Users\Szczena\Desktop\PROJECTS\Embedded\EmbeddedSystemsProject\IMU_Visualization_Microcontroller\Middlewares\ST\STM32_MotionFX_Library\Lib\libMotionFX_CM4F_wc32_ot.a(motion_fx.o)
 .text.MEMS_DataBuffInit
                0x0000000008009188       0x18 C:\Users\Szczena\Desktop\PROJECTS\Embedded\EmbeddedSystemsProject\IMU_Visualization_Microcontroller\Middlewares\ST\STM32_MotionFX_Library\Lib\libMotionFX_CM4F_wc32_ot.a(motion_fx.o)
 .text.MEMS_checkTimeToRun
                0x00000000080091a0       0x74 C:\Users\Szczena\Desktop\PROJECTS\Embedded\EmbeddedSystemsProject\IMU_Visualization_Microcontroller\Middlewares\ST\STM32_MotionFX_Library\Lib\libMotionFX_CM4F_wc32_ot.a(motion_fx.o)
 .text.updateProcBuffer_Temp
                0x0000000008009214       0xc4 C:\Users\Szczena\Desktop\PROJECTS\Embedded\EmbeddedSystemsProject\IMU_Visualization_Microcontroller\Middlewares\ST\STM32_MotionFX_Library\Lib\libMotionFX_CM4F_wc32_ot.a(motion_fx.o)
 .text.MEMS_getSensorData_I16
                0x00000000080092d8       0xd4 C:\Users\Szczena\Desktop\PROJECTS\Embedded\EmbeddedSystemsProject\IMU_Visualization_Microcontroller\Middlewares\ST\STM32_MotionFX_Library\Lib\libMotionFX_CM4F_wc32_ot.a(motion_fx.o)
 .text.m_dcm2q_eml
                0x00000000080093ac      0x1b0 C:\Users\Szczena\Desktop\PROJECTS\Embedded\EmbeddedSystemsProject\IMU_Visualization_Microcontroller\Middlewares\ST\STM32_MotionFX_Library\Lib\libMotionFX_CM4F_wc32_ot.a(motion_fx.o)
 .text.SpacePointGyroProp
                0x000000000800955c      0x110 C:\Users\Szczena\Desktop\PROJECTS\Embedded\EmbeddedSystemsProject\IMU_Visualization_Microcontroller\Middlewares\ST\STM32_MotionFX_Library\Lib\libMotionFX_CM4F_wc32_ot.a(motion_fx.o)
 .text.quatErr2EulerErr
                0x000000000800966c      0x1f8 C:\Users\Szczena\Desktop\PROJECTS\Embedded\EmbeddedSystemsProject\IMU_Visualization_Microcontroller\Middlewares\ST\STM32_MotionFX_Library\Lib\libMotionFX_CM4F_wc32_ot.a(motion_fx.o)
 .text.rt_InitInfAndNaN.isra.3
                0x0000000008009864       0x20 C:\Users\Szczena\Desktop\PROJECTS\Embedded\EmbeddedSystemsProject\IMU_Visualization_Microcontroller\Middlewares\ST\STM32_MotionFX_Library\Lib\libMotionFX_CM4F_wc32_ot.a(motion_fx.o)
 .text.MEMSloadFromNVM.isra.10
                0x0000000008009884        0x4 C:\Users\Szczena\Desktop\PROJECTS\Embedded\EmbeddedSystemsProject\IMU_Visualization_Microcontroller\Middlewares\ST\STM32_MotionFX_Library\Lib\libMotionFX_CM4F_wc32_ot.a(motion_fx.o)
 .text.MEMSLoadMagCalNVM
                0x0000000008009888       0x80 C:\Users\Szczena\Desktop\PROJECTS\Embedded\EmbeddedSystemsProject\IMU_Visualization_Microcontroller\Middlewares\ST\STM32_MotionFX_Library\Lib\libMotionFX_CM4F_wc32_ot.a(motion_fx.o)
 .text.MEMSsaveInNVM.isra.11