stm32f4xx_nucleo_bus.c:413:13:I2C1_MspInit	64	static
stm32f4xx_nucleo_bus.c:446:13:I2C1_MspDeInit	8	static
stm32f4xx_nucleo_bus.c:134:9:BSP_I2C1_DeInit	8	static
stm32f4xx_nucleo_bus.c:162:9:BSP_I2C1_IsReady	8	static
stm32f4xx_nucleo_bus.c:183:9:BSP_I2C1_WriteReg	24	static
stm32f4xx_nucleo_bus.c:209:10:BSP_I2C1_ReadReg	24	static
stm32f4xx_nucleo_bus.c:237:9:BSP_I2C1_WriteReg16	24	static
stm32f4xx_nucleo_bus.c:262:10:BSP_I2C1_ReadReg16	24	static
stm32f4xx_nucleo_bus.c:287:9:BSP_I2C1_Send	16	static
stm32f4xx_nucleo_bus.c:312:9:BSP_I2C1_Recv	16	static
stm32f4xx_nucleo_bus.c:387:9:BSP_GetTick	8	static
stm32f4xx_nucleo_bus.c:393:26:MX_I2C1_Init	8	static
stm32f4xx_nucleo_bus.c:90:9:BSP_I2C1_Init	8	static
