app_mems.c:612:13:DWT_Init	0	static
app_mems.c:624:13:DWT_Start	0	static
app_mems.c:635:17:DWT_Stop	8	static
app_mems.c:590:13:TIM_Config	8	static
app_mems.c:293:13:Init_Sensors	8	static
app_mems.c:158:13:MX_DataLogFusion_Init	24	static
app_mems.c:311:13:RTC_Handler	40	static
app_mems.c:411:13:Accelero_Sensor_Handler	16	static
app_mems.c:437:13:Gyro_Sensor_Handler	16	static
app_mems.c:463:13:Magneto_Sensor_Handler	48	static
app_mems.c:568:13:Humidity_Sensor_Handler	8	static
app_mems.c:546:13:Temperature_Sensor_Handler	8	static
app_mems.c:524:13:Pressure_Sensor_Handler	8	static
app_mems.c:342:13:FX_Data_Handler	184	static
app_mems.c:218:13:MX_DataLogFusion_Process	8	static
app_mems.c:103:6:MX_MEMS_Init	8	static
app_mems.c:125:6:MX_MEMS_Process	8	static
app_mems.c:145:6:HAL_TIM_PeriodElapsedCallback	0	static
